[    0.000000] Initializing cgroup subsys cpuset
[    0.000000] Initializing cgroup subsys cpu
[    0.000000] Initializing cgroup subsys cpuacct
[    0.000000] Linux version 4.4.0-210-generic (buildd@lgw01-amd64-009) (gcc version 5.4.0 20160609 (Ubuntu 5.4.0-6ubuntu1~16.04.12) ) #242-Ubuntu SMP Fri Apr 16 09:57:56 UTC 2021 (Ubuntu 4.4.0-210.242-generic 4.4.262)
[    0.000000] Command line: BOOT_IMAGE=/boot/vmlinuz-4.4.0-210-generic root=LABEL=cloudimg-rootfs ro console=tty1 console=ttyS0
[    0.000000] KERNEL supported cpus:
[    0.000000]   Intel GenuineIntel
[    0.000000]   AMD AuthenticAMD
[    0.000000]   Centaur CentaurHauls
[    0.000000] x86/fpu: Legacy x87 FPU detected.
[    0.000000] e820: BIOS-provided physical RAM map:
[    0.000000] BIOS-e820: [mem 0x0000000000000000-0x000000000009fbff] usable
[    0.000000] BIOS-e820: [mem 0x000000000009fc00-0x000000000009ffff] reserved
[    0.000000] BIOS-e820: [mem 0x00000000000f0000-0x00000000000fffff] reserved
[    0.000000] BIOS-e820: [mem 0x0000000000100000-0x000000003ffeffff] usable
[    0.000000] BIOS-e820: [mem 0x000000003fff0000-0x000000003fffffff] ACPI data
[    0.000000] BIOS-e820: [mem 0x00000000fec00000-0x00000000fec00fff] reserved
[    0.000000] BIOS-e820: [mem 0x00000000fee00000-0x00000000fee00fff] reserved
[    0.000000] BIOS-e820: [mem 0x00000000fffc0000-0x00000000ffffffff] reserved
[    0.000000] NX (Execute Disable) protection: active
[    0.000000] SMBIOS 2.5 present.
[    0.000000] Hypervisor detected: KVM
[    0.000000] Kernel/User page tables isolation: disabled
[    0.000000] e820: last_pfn = 0x3fff0 max_arch_pfn = 0x400000000
[    0.000000] MTRR: Disabled
[    0.000000] x86/PAT: MTRRs disabled, skipping PAT initialization too.
[    0.000000] CPU MTRRs all blank - virtualized system.
[    0.000000] x86/PAT: Configuration [0-7]: WB  WT  UC- UC  WB  WT  UC- UC  
[    0.000000] found SMP MP-table at [mem 0x0009fff0-0x0009ffff] mapped at [ffff88000009fff0]
[    0.000000] Scanning 1 areas for low memory corruption
[    0.000000] RAMDISK: [mem 0x362dc000-0x37165fff]
[    0.000000] ACPI: Early table checksum verification disabled
[    0.000000] ACPI: RSDP 0x00000000000E0000 000024 (v02 VBOX  )
[    0.000000] ACPI: XSDT 0x000000003FFF0030 00003C (v01 VBOX   VBOXXSDT 00000001 ASL  00000061)
[    0.000000] ACPI: FACP 0x000000003FFF00F0 0000F4 (v04 VBOX   VBOXFACP 00000001 ASL  00000061)
[    0.000000] ACPI: DSDT 0x000000003FFF0610 002353 (v02 VBOX   VBOXBIOS 00000002 INTL 20100528)
[    0.000000] ACPI: FACS 0x000000003FFF0200 000040
[    0.000000] ACPI: FACS 0x000000003FFF0200 000040
[    0.000000] ACPI: APIC 0x000000003FFF0240 00005C (v02 VBOX   VBOXAPIC 00000001 ASL  00000061)
[    0.000000] ACPI: SSDT 0x000000003FFF02A0 00036C (v01 VBOX   VBOXCPUT 00000002 INTL 20100528)
[    0.000000] No NUMA configuration found
[    0.000000] Faking a node at [mem 0x0000000000000000-0x000000003ffeffff]
[    0.000000] NODE_DATA(0) allocated [mem 0x3ffeb000-0x3ffeffff]
[    0.000000] kvm-clock: Using msrs 4b564d01 and 4b564d00
[    0.000000] kvm-clock: cpu 0, msr 0:3ffe3001, primary cpu clock
[    0.000000] kvm-clock: using sched offset of 4547343536 cycles
[    0.000000] clocksource: kvm-clock: mask: 0xffffffffffffffff max_cycles: 0x1cd42e4dffb, max_idle_ns: 881590591483 ns
[    0.000000] Zone ranges:
[    0.000000]   DMA      [mem 0x0000000000001000-0x0000000000ffffff]
[    0.000000]   DMA32    [mem 0x0000000001000000-0x000000003ffeffff]
[    0.000000]   Normal   empty
[    0.000000]   Device   empty
[    0.000000] Movable zone start for each node
[    0.000000] Early memory node ranges
[    0.000000]   node   0: [mem 0x0000000000001000-0x000000000009efff]
[    0.000000]   node   0: [mem 0x0000000000100000-0x000000003ffeffff]
[    0.000000] Initmem setup node 0 [mem 0x0000000000001000-0x000000003ffeffff]
[    0.000000] ACPI: PM-Timer IO Port: 0x4008
[    0.000000] IOAPIC[0]: apic_id 2, version 32, address 0xfec00000, GSI 0-23
[    0.000000] ACPI: INT_SRC_OVR (bus 0 bus_irq 0 global_irq 2 dfl dfl)
[    0.000000] ACPI: INT_SRC_OVR (bus 0 bus_irq 9 global_irq 9 low level)
[    0.000000] Using ACPI (MADT) for SMP configuration information
[    0.000000] smpboot: Allowing 2 CPUs, 0 hotplug CPUs
[    0.000000] PM: Registered nosave memory: [mem 0x00000000-0x00000fff]
[    0.000000] PM: Registered nosave memory: [mem 0x0009f000-0x0009ffff]
[    0.000000] PM: Registered nosave memory: [mem 0x000a0000-0x000effff]
[    0.000000] PM: Registered nosave memory: [mem 0x000f0000-0x000fffff]
[    0.000000] e820: [mem 0x40000000-0xfebfffff] available for PCI devices
[    0.000000] Booting paravirtualized kernel on KVM
[    0.000000] clocksource: refined-jiffies: mask: 0xffffffff max_cycles: 0xffffffff, max_idle_ns: 7645519600211568 ns
[    0.000000] setup_percpu: NR_CPUS:512 nr_cpumask_bits:512 nr_cpu_ids:2 nr_node_ids:1
[    0.000000] PERCPU: Embedded 33 pages/cpu @ffff88003fc00000 s95192 r8192 d31784 u1048576
[    0.000000] Built 1 zonelists in Node order, mobility grouping on.  Total pages: 257912
[    0.000000] Policy zone: DMA32
[    0.000000] Kernel command line: BOOT_IMAGE=/boot/vmlinuz-4.4.0-210-generic root=LABEL=cloudimg-rootfs ro console=tty1 console=ttyS0
[    0.000000] PID hash table entries: 4096 (order: 3, 32768 bytes)
[    0.000000] Memory: 997792K/1048120K available (8644K kernel code, 1332K rwdata, 4044K rodata, 1492K init, 1164K bss, 50328K reserved, 0K cma-reserved)
[    0.000000] SLUB: HWalign=64, Order=0-3, MinObjects=0, CPUs=2, Nodes=1
[    0.000000] Hierarchical RCU implementation.
[    0.000000] 	Build-time adjustment of leaf fanout to 64.
[    0.000000] 	RCU restricting CPUs from NR_CPUS=512 to nr_cpu_ids=2.
[    0.000000] RCU: Adjusting geometry for rcu_fanout_leaf=64, nr_cpu_ids=2
[    0.000000] NR_IRQS:33024 nr_irqs:440 16
[    0.000000] Console: colour VGA+ 80x25
[    0.000000] console [tty1] enabled
[    0.000000] console [ttyS0] enabled
[    0.000000] tsc: Detected 2304.006 MHz processor
[    0.949622] Calibrating delay loop (skipped) preset value.. 4608.01 BogoMIPS (lpj=9216024)
[    0.960478] pid_max: default: 32768 minimum: 301
[    0.965510] ACPI: Core revision 20150930
[    0.971686] ACPI: 2 ACPI AML tables successfully acquired and loaded
[    0.984084] Security Framework initialized
[    0.990691] Yama: becoming mindful.
[    0.997812] AppArmor: AppArmor initialized
[    1.016395] Dentry cache hash table entries: 131072 (order: 8, 1048576 bytes)
[    1.077644] Inode-cache hash table entries: 65536 (order: 7, 524288 bytes)
[    1.149768] Mount-cache hash table entries: 2048 (order: 2, 16384 bytes)
[    1.209357] Mountpoint-cache hash table entries: 2048 (order: 2, 16384 bytes)
[    1.257406] Initializing cgroup subsys io
[    1.271898] Initializing cgroup subsys memory
[    1.289480] Initializing cgroup subsys devices
[    1.306804] Initializing cgroup subsys freezer
[    1.329536] Initializing cgroup subsys net_cls
[    1.348318] Initializing cgroup subsys perf_event
[    1.373759] Initializing cgroup subsys net_prio
[    1.398646] Initializing cgroup subsys hugetlb
[    1.417806] Initializing cgroup subsys pids
[    1.430016] mce: CPU supports 0 MCE banks
[    1.437601] Last level iTLB entries: 4KB 64, 2MB 8, 4MB 8
[    1.446106] Last level dTLB entries: 4KB 64, 2MB 0, 4MB 0, 1GB 4
[    1.458443] Spectre V1 : Mitigation: usercopy/swapgs barriers and __user pointer sanitization
[    1.475656] Spectre V2 : Mitigation: Enhanced IBRS
[    1.483006] Spectre V2 : Spectre v2 / SpectreRSB mitigation: Filling RSB on context switch
[    1.496116] Speculative Store Bypass: Vulnerable
[    1.500980] SRBDS: Mitigation: TSX disabled
[    1.569103] Freeing SMP alternatives memory: 36K
[    1.729114] ftrace: allocating 32380 entries in 127 pages
[    3.304241] smpboot: APIC(0) Converting physical 0 to logical package 0
[    3.319495] smpboot: Max logical packages: 1
[    3.358987] ..TIMER: vector=0x30 apic1=0 pin1=2 apic2=-1 pin2=-1
[    3.477996] smpboot: CPU0: Intel(R) Core(TM) i7-10510U CPU @ 1.80GHz (family: 0x6, model: 0x8e, stepping: 0xc)
[    3.515447] Performance Events: unsupported p6 CPU model 142 no PMU driver, software events only.
[    3.758034] KVM setup paravirtual spinlock
[    3.767377] x86: Booting SMP configuration:
[    3.774288] .... node  #0, CPUs:      #1
[    3.780922] kvm-clock: cpu 1, msr 0:3ffe3041, secondary cpu clock
[    3.791653] mce: CPU supports 0 MCE banks
[    3.795521] TSC synchronization [CPU#0 -> CPU#1]:
[    3.800250] Measured 76453 cycles TSC warp between CPUs, turning off TSC clock.
[    3.808325] tsc: Marking TSC unstable due to check_tsc_sync_source failed
[    0.834077] x86: Booted up 1 node, 2 CPUs
[    0.836010] smpboot: Total of 2 processors activated (9216.02 BogoMIPS)
[    0.848218] devtmpfs: initialized
[    0.857494] evm: security.selinux
[    0.860009] evm: security.SMACK64
[    0.864006] evm: security.SMACK64EXEC
[    0.868006] evm: security.SMACK64TRANSMUTE
[    0.872006] evm: security.SMACK64MMAP
[    0.875603] evm: security.ima
[    0.876021] evm: security.capability
[    0.884544] clocksource: jiffies: mask: 0xffffffff max_cycles: 0xffffffff, max_idle_ns: 7645041785100000 ns
[    0.888018] futex hash table entries: 512 (order: 3, 32768 bytes)
[    0.896156] pinctrl core: initialized pinctrl subsystem
[    0.900994] RTC time: 18:20:28, date: 05/15/23
[    0.906012] NET: Registered protocol family 16
[    0.920100] cpuidle: using governor ladder
[    0.936031] cpuidle: using governor menu
[    0.940012] PCCT header not found.
[    0.944263] ACPI: bus type PCI registered
[    0.948008] acpiphp: ACPI Hot Plug PCI Controller Driver version: 0.5
[    0.953031] PCI: Using configuration type 1 for base access
[    0.984871] ACPI: Added _OSI(Module Device)
[    0.988009] ACPI: Added _OSI(Processor Device)
[    0.992031] ACPI: Added _OSI(3.0 _SCP Extensions)
[    0.996008] ACPI: Added _OSI(Processor Aggregator Device)
[    1.001318] ACPI: Executed 1 blocks of module-level executable AML code
[    1.017093] ACPI: Interpreter enabled
[    1.020033] ACPI: (supports S0 S5)
[    1.024003] ACPI: Using IOAPIC for interrupt routing
[    1.028361] PCI: Using host bridge windows from ACPI; if necessary, use "pci=nocrs" and report a bug
[    1.046919] ACPI: PCI Root Bridge [PCI0] (domain 0000 [bus 00-ff])
[    1.048106] acpi PNP0A03:00: _OSC: OS supports [ASPM ClockPM Segments MSI]
[    1.056509] acpi PNP0A03:00: _OSC: not requesting OS control; OS requires [ExtendedConfig ASPM ClockPM MSI]
[    1.060031] acpi PNP0A03:00: fail to add MMCONFIG information, can't access extended PCI configuration space under this bridge.
[    1.068675] PCI host bridge to bus 0000:00
[    1.072012] pci_bus 0000:00: root bus resource [io  0x0000-0x0cf7 window]
[    1.076013] pci_bus 0000:00: root bus resource [io  0x0d00-0xffff window]
[    1.080013] pci_bus 0000:00: root bus resource [mem 0x000a0000-0x000bffff window]
[    1.084013] pci_bus 0000:00: root bus resource [mem 0x40000000-0xfdffffff window]
[    1.088014] pci_bus 0000:00: root bus resource [bus 00-ff]
[    1.109929] pci 0000:00:01.1: legacy IDE quirk: reg 0x10: [io  0x01f0-0x01f7]
[    1.112046] pci 0000:00:01.1: legacy IDE quirk: reg 0x14: [io  0x03f6]
[    1.116038] pci 0000:00:01.1: legacy IDE quirk: reg 0x18: [io  0x0170-0x0177]
[    1.120014] pci 0000:00:01.1: legacy IDE quirk: reg 0x1c: [io  0x0376]
[    1.172812] pci 0000:00:07.0: quirk: [io  0x4000-0x403f] claimed by PIIX4 ACPI
[    1.176056] pci 0000:00:07.0: quirk: [io  0x4100-0x410f] claimed by PIIX4 SMB
[    1.189029] ACPI: PCI Interrupt Link [LNKA] (IRQs 5 9 10 *11)
[    1.205015] ACPI: PCI Interrupt Link [LNKB] (IRQs 5 9 *10 11)
[    1.217566] ACPI: PCI Interrupt Link [LNKC] (IRQs 5 *9 10 11)
[    1.226718] ACPI: PCI Interrupt Link [LNKD] (IRQs 5 9 10 *11)
[    1.240621] ACPI: Enabled 2 GPEs in block 00 to 07
[    1.249168] vgaarb: setting as boot device: PCI:0000:00:02.0
[    1.252000] vgaarb: device added: PCI:0000:00:02.0,decodes=io+mem,owns=io+mem,locks=none
[    1.256016] vgaarb: loaded
[    1.260011] vgaarb: bridge control possible 0000:00:02.0
[    1.269002] SCSI subsystem initialized
[    1.272468] ACPI: bus type USB registered
[    1.276119] usbcore: registered new interface driver usbfs
[    1.280101] usbcore: registered new interface driver hub
[    1.284084] usbcore: registered new device driver usb
[    1.292064] PCI: Using ACPI for IRQ routing
[    1.300767] NetLabel: Initializing
[    1.304005] NetLabel:  domain hash size = 128
[    1.308007] NetLabel:  protocols = UNLABELED CIPSOv4
[    1.312043] NetLabel:  unlabeled traffic allowed by default
[    1.321003] amd_nb: Cannot enumerate AMD northbridges
[    1.324558] clocksource: Switched to clocksource kvm-clock
[    1.362369] AppArmor: AppArmor Filesystem Enabled
[    1.362369] pnp: PnP ACPI init
[    1.362369] pnp: PnP ACPI: found 3 devices
[    1.461237] clocksource: acpi_pm: mask: 0xffffff max_cycles: 0xffffff, max_idle_ns: 2085701024 ns
[    1.464954] NET: Registered protocol family 2
[    1.476965] TCP established hash table entries: 8192 (order: 4, 65536 bytes)
[    1.480152] TCP bind hash table entries: 8192 (order: 5, 131072 bytes)
[    1.480152] TCP: Hash tables configured (established 8192 bind 8192)
[    1.480152] UDP hash table entries: 512 (order: 2, 16384 bytes)
[    1.480152] UDP-Lite hash table entries: 512 (order: 2, 16384 bytes)
[    1.480152] NET: Registered protocol family 1
[    1.480152] pci 0000:00:00.0: Limiting direct PCI/PCI transfers
[    1.480152] pci 0000:00:01.0: Activating ISA DMA hang workarounds
[    1.480152] Unpacking initramfs...
[    2.200089] Freeing initrd memory: 14888K
[    2.200089] clocksource: tsc: mask: 0xffffffffffffffff max_cycles: 0x2135fd711f6, max_idle_ns: 440795262176 ns
[    2.200089] platform rtc_cmos: registered platform RTC device (no PNP device found)
[    2.200089] Scanning for low memory corruption every 60 seconds
[    2.313543] audit: initializing netlink subsys (disabled)
[    2.321347] audit: type=2000 audit(1684174833.493:1): initialized
[    2.328926] Initialise system trusted keyring
[    2.336357] HugeTLB registered 2 MB page size, pre-allocated 0 pages
[    2.348175] zbud: loaded
[    2.352189] VFS: Disk quotas dquot_6.6.0
[    2.355805] VFS: Dquot-cache hash table entries: 512 (order 0, 4096 bytes)
[    2.363265] squashfs: version 4.0 (2009/01/31) Phillip Lougher
[    2.371341] fuse init (API version 7.23)
[    2.378309] Key type big_key registered
[    2.383548] Allocating IMA MOK and blacklist keyrings.
[    2.415033] Key type asymmetric registered
[    2.423298] Asymmetric key parser 'x509' registered
[    2.430399] Block layer SCSI generic (bsg) driver version 0.4 loaded (major 249)
[    2.438083] io scheduler noop registered
[    2.442447] io scheduler deadline registered (default)
[    2.447824] io scheduler cfq registered
[    2.451859] pci_hotplug: PCI Hot Plug PCI Core version: 0.5
[    2.458144] pciehp: PCI Express Hot Plug Controller Driver version: 0.4
[    2.464815] ACPI: AC Adapter [AC] (off-line)
[    2.470084] input: Power Button as /devices/LNXSYSTM:00/LNXPWRBN:00/input/input0
[    2.477615] ACPI: Power Button [PWRF]
[    2.481989] input: Sleep Button as /devices/LNXSYSTM:00/LNXSLPBN:00/input/input1
[    2.488053] ACPI: Sleep Button [SLPF]
[    2.491696] GHES: HEST is not enabled!
[    2.493457] ACPI: Battery Slot [BAT0] (battery present)
[    2.500825] Serial: 8250/16550 driver, 32 ports, IRQ sharing enabled
[    2.533352] 00:02: ttyS0 at I/O 0x3f8 (irq = 4, base_baud = 115200) is a 16550A
[    2.560745] Linux agpgart interface v0.103
[    2.585852] loop: module loaded
[    2.593459] scsi host0: ata_piix
[    2.598151] scsi host1: ata_piix
[    2.602709] ata1: PATA max UDMA/33 cmd 0x1f0 ctl 0x3f6 bmdma 0xd000 irq 14
[    2.610053] ata2: PATA max UDMA/33 cmd 0x170 ctl 0x376 bmdma 0xd008 irq 15
[    2.621241] libphy: Fixed MDIO Bus: probed
[    2.627000] tun: Universal TUN/TAP device driver, 1.6
[    2.633556] tun: (C) 1999-2004 Max Krasnyansky <maxk@qualcomm.com>
[    2.641152] PPP generic driver version 2.4.2
[    2.648436] ehci_hcd: USB 2.0 'Enhanced' Host Controller (EHCI) Driver
[    2.655172] ehci-pci: EHCI PCI platform driver
[    2.660739] ehci-platform: EHCI generic platform driver
[    2.667932] ohci_hcd: USB 1.1 'Open' Host Controller (OHCI) Driver
[    2.674224] ohci-pci: OHCI PCI platform driver
[    2.680289] ohci-platform: OHCI generic platform driver
[    2.685741] uhci_hcd: USB Universal Host Controller Interface driver
[    2.692258] i8042: PNP: PS/2 Controller [PNP0303:PS2K,PNP0f03:PS2M] at 0x60,0x64 irq 1,12
[    2.705521] serio: i8042 KBD port at 0x60,0x64 irq 1
[    2.711826] serio: i8042 AUX port at 0x60,0x64 irq 12
[    2.719467] mousedev: PS/2 mouse device common for all mice
[    2.732369] rtc_cmos rtc_cmos: rtc core: registered rtc_cmos as rtc0
[    2.741566] rtc_cmos rtc_cmos: alarms up to one day, 114 bytes nvram
[    2.752183] i2c /dev entries driver
[    2.758752] device-mapper: uevent: version 1.0.3
[    2.759094] input: AT Translated Set 2 keyboard as /devices/platform/i8042/serio0/input/input2
[    2.834092] device-mapper: ioctl: 4.34.0-ioctl (2015-10-28) initialised: dm-devel@redhat.com
[    2.847613] ledtrig-cpu: registered to indicate activity on CPUs
[    2.902313] NET: Registered protocol family 10
[    2.922243] NET: Registered protocol family 17
[    2.940111] Key type dns_resolver registered
[    2.953657] registered taskstats version 1
[    2.966048] Loading compiled-in X.509 certificates
[    2.979910] Loaded X.509 cert 'Build time autogenerated kernel key: cf00e047681d67edb2720680708b7d9498083038'
[    3.004073] zswap: loaded using pool lzo/zbud
[    3.026123] Key type trusted registered
[    3.059743] Key type encrypted registered
[    3.082163] AppArmor: AppArmor sha1 policy hashing enabled
[    3.110828] ima: No TPM chip found, activating TPM-bypass!
[    3.128755] ima: Allocated hash algorithm: sha1
[    3.144045] evm: HMAC attrs: 0x1
[    3.159947]   Magic number: 7:302:342
[    3.172621] rtc_cmos rtc_cmos: setting system clock to 2023-05-15 18:20:31 UTC (1684174831)
[    3.217249] BIOS EDD facility v0.16 2004-Jun-25, 0 devices found
[    3.251602] EDD information not available.
[    3.276567] Freeing unused kernel memory: 1492K
[    3.316789] Write protecting the kernel read-only data: 14336k
[    3.334515] Freeing unused kernel memory: 1584K
[    3.349373] Freeing unused kernel memory: 52K
Loading, please wait...
starting version 229
[    3.496551] random: systemd-udevd: uninitialized urandom read (16 bytes read, 11 bits of entropy available)
[    3.505601] random: udevadm: uninitialized urandom read (16 bytes read, 11 bits of entropy available)
[    3.505647] random: udevadm: uninitialized urandom read (16 bytes read, 11 bits of entropy available)
[    3.542158] random: udevadm: uninitialized urandom read (16 bytes read, 11 bits of entropy available)
[    3.542209] random: udevadm: uninitialized urandom read (16 bytes read, 11 bits of entropy available)
[    3.542422] random: udevadm: uninitialized urandom read (16 bytes read, 11 bits of entropy available)
[    3.542479] random: udevadm: uninitialized urandom read (16 bytes read, 11 bits of entropy available)
[    3.542596] random: udevadm: uninitialized urandom read (16 bytes read, 11 bits of entropy available)
[    3.542720] random: udevadm: uninitialized urandom read (16 bytes read, 11 bits of entropy available)
[    3.542772] random: udevadm: uninitialized urandom read (16 bytes read, 11 bits of entropy available)
[    3.767454] e1000: Intel(R) PRO/1000 Network Driver - version 7.3.21-k8-NAPI
[    3.782261] e1000: Copyright (c) 1999-2006 Intel Corporation.
[    3.813810] Fusion MPT base driver 3.04.20
[    3.820912] Copyright (c) 1999-2008 LSI Corporation
[    3.912949] Fusion MPT SPI Host driver 3.04.20
[    4.017747] SSE version of gcm_enc/dec engaged.
[    4.236466] input: ImExPS/2 Generic Explorer Mouse as /devices/platform/i8042/serio1/input/input4
[    5.108684] e1000 0000:00:03.0 eth0: (PCI:33MHz:32-bit) 02:be:82:6b:cc:1d
[    5.128686] e1000 0000:00:03.0 eth0: Intel(R) PRO/1000 Network Connection
[    5.149701] mptbase: ioc0: Initiating bringup
[    5.149853] e1000 0000:00:03.0 enp0s3: renamed from eth0
[    5.256372] ioc0: LSI53C1030 A0: Capabilities={Initiator}
[    6.761329] scsi host2: ioc0: LSI53C1030 A0, FwRev=00000000h, Ports=1, MaxQ=256, IRQ=20
[    7.082386] scsi 2:0:0:0: Direct-Access     VBOX     HARDDISK         1.0  PQ: 0 ANSI: 5
[    7.130672] scsi target2:0:0: Beginning Domain Validation
[    7.206462] scsi target2:0:0: Domain Validation skipping write tests
[    7.236159] scsi target2:0:0: Ending Domain Validation
[    7.244242] scsi target2:0:0: asynchronous
[    7.253192] scsi 2:0:1:0: Direct-Access     VBOX     HARDDISK         1.0  PQ: 0 ANSI: 5
[    7.264748] scsi target2:0:1: Beginning Domain Validation
[    7.276815] scsi target2:0:1: Domain Validation skipping write tests
[    7.286296] scsi target2:0:1: Ending Domain Validation
[    7.291666] scsi target2:0:1: asynchronous
[    7.335325] sd 2:0:0:0: Attached scsi generic sg0 type 0
[    7.347986] sd 2:0:0:0: [sda] 83886080 512-byte logical blocks: (42.9 GB/40.0 GiB)
[    7.350070] sd 2:0:1:0: [sdb] 20480 512-byte logical blocks: (10.5 MB/10.0 MiB)
[    7.351878] sd 2:0:1:0: [sdb] Write Protect is off
[    7.353135] sd 2:0:1:0: [sdb] Incomplete mode parameter data
[    7.353138] sd 2:0:1:0: [sdb] Assuming drive cache: write through
[    7.357738] sd 2:0:1:0: Attached scsi generic sg1 type 0
[    7.370010] sd 2:0:1:0: [sdb] Attached SCSI disk
[    7.416572] sd 2:0:0:0: [sda] Write Protect is off
[    7.422328] sd 2:0:0:0: [sda] Incomplete mode parameter data
[    7.429079] sd 2:0:0:0: [sda] Assuming drive cache: write through
[    7.448673]  sda: sda1
[    7.463199] sd 2:0:0:0: [sda] Attached SCSI disk
Begin: Loading essential drivers ... [   10.241245] md: linear personality registered for level -1
[   10.257761] md: multipath personality registered for level -4
[   10.272820] md: raid0 personality registered for level 0
[   10.299560] md: raid1 personality registered for level 1
[   12.187042] raid6: sse2x1   gen() 73194 MB/s
[   14.190567] raid6: sse2x1   xor() 34798 MB/s
[   16.190632] raid6: sse2x2   gen() 114814 MB/s
[   16.290376] raid6: sse2x2   xor()  4508 MB/s
[   16.385582] raid6: sse2x4   gen()  7642 MB/s
[   16.460520] raid6: sse2x4   xor()  5105 MB/s
[   16.467388] raid6: using algorithm sse2x2 gen() 114814 MB/s
[   16.474726] raid6: .... xor() 4508 MB/s, rmw enabled
[   16.482320] raid6: using ssse3x2 recovery algorithm
[   16.494008] xor: measuring software checksum speed
[   16.536254]    prefetch64-sse: 18126.000 MB/sec
[   16.580152]    generic_sse: 21411.000 MB/sec
[   16.584615] xor: using function: generic_sse (21411.000 MB/sec)
[   16.592781] async_tx: api initialized (async)
[   16.667116] md: raid6 personality registered for level 6
[   16.676318] md: raid5 personality registered for level 5
[   16.684321] md: raid4 personality registered for level 4
[   16.742038] md: raid10 personality registered for level 10
done.
Begin: Running /scripts/init-premount ... done.
Begin: Mounting root file system ... Begin: Running /scripts/local-top ... done.
Begin: Running /scripts/local-premount ... [   17.125583] Btrfs loaded
Scanning for Btrfs filesystems
done.
Warning: fsck not present, so skipping root file system
[   17.319827] EXT4-fs (sda1): mounted filesystem with ordered data mode. Opts: (null)
done.
Begin: Running /scripts/local-bottom ... done.
Begin: Running /scripts/init-bottom ... done.
[   17.822625] systemd[1]: systemd 229 running in system mode. (+PAM +AUDIT +SELINUX +IMA +APPARMOR +SMACK +SYSVINIT +UTMP +LIBCRYPTSETUP +GCRYPT +GNUTLS +ACL +XZ -LZ4 +SECCOMP +BLKID +ELFUTILS +KMOD -IDN)
[   17.886774] systemd[1]: Detected virtualization oracle.
[   17.929422] systemd[1]: Detected architecture x86-64.

Welcome to [1mUbuntu 16.04.7 LTS[0m!

[   18.108750] systemd[1]: Set hostname to <ubuntu>.
[   18.141784] systemd[1]: Initializing machine ID from random generator.
[   18.160585] systemd[1]: Installed transient /etc/machine-id file.
[   18.291516] random: nonblocking pool is initialized
[   18.804336] systemd[1]: Listening on udev Control Socket.
[[0;32m  OK  [0m] Listening on udev Control Socket.
[   18.845684] systemd[1]: Listening on LVM2 poll daemon socket.
[[0;32m  OK  [0m] Listening on LVM2 poll daemon socket.
[   18.887180] systemd[1]: Started Trigger resolvconf update for networkd DNS.
[[0;32m  OK  [0m] Started Trigger resolvconf update for networkd DNS.
[   18.936924] systemd[1]: Reached target System Time Synchronized.
[[0;32m  OK  [0m] Reached target System Time Synchronized.
[   18.980928] systemd[1]: Listening on LVM2 metadata daemon socket.
[[0;32m  OK  [0m] Listening on LVM2 metadata daemon socket.
[   19.023597] systemd[1]: Started Forward Password Requests to Wall Directory Watch.
[[0;32m  OK  [0m] Started Forward Password Requests to Wall Directory Watch.
[   19.078430] systemd[1]: Listening on Syslog Socket.
[[0;32m  OK  [0m] Listening on Syslog Socket.
[   19.116746] systemd[1]: Reached target Swap.
[[0;32m  OK  [0m] Reached target Swap.
[   19.145681] systemd[1]: Reached target Encrypted Volumes.
[[0;32m  OK  [0m] Reached target Encrypted Volumes.
[   19.168168] systemd[1]: Set up automount Arbitrary Executable File Formats File System Automount Point.
[[0;32m  OK  [0m] Set up automount Arbitrary Executab...ats File System Automount Point.
[   19.199813] systemd[1]: Created slice User and Session Slice.
[[0;32m  OK  [0m] Created slice User and Session Slice.
[   19.213095] systemd[1]: Listening on Journal Socket (/dev/log).
[[0;32m  OK  [0m] Listening on Journal Socket (/dev/log).
[   19.226316] systemd[1]: Listening on fsck to fsckd communication Socket.
[[0;32m  OK  [0m] Listening on fsck to fsckd communication Socket.
[   19.242611] systemd[1]: Created slice System Slice.
[[0;32m  OK  [0m] Created slice System Slice.
[   19.256058] systemd[1]: Reached target Slices.
[[0;32m  OK  [0m] Reached target Slices.
[   19.268959] systemd[1]: Created slice system-serial\x2dgetty.slice.
[[0;32m  OK  [0m] Created slice system-serial\x2dgetty.slice.
[   19.281698] systemd[1]: Listening on Journal Socket.
[[0;32m  OK  [0m] Listening on Journal Socket.
[   19.308759] systemd[1]: Mounting Huge Pages File System...
         Mounting Huge Pages File System...
[   19.345697] systemd[1]: Starting Load Kernel Modules...
         Starting Load Kernel Modules...
[   19.402845] systemd[1]: Starting Uncomplicated firewall...
         Starting Uncomplicated firewall...[   19.443867] Loading iSCSI transport class v2.0-870.

[   19.452604] systemd[1]: Mounting POSIX Message Queue File System...
         Mounting POSIX Message Queue File System...
[   19.477589] systemd[1]: Starting Create list of required static device nodes for the current kernel...
         Starting Create list of required st... nodes for the current kernel...
[   19.496317] systemd[1]: Starting Set console keymap...
[   19.504953] iscsi: registered transport (tcp)
         Starting Set console keymap...
[   19.516739] systemd[1]: Mounting Debug File System...
         Mounting Debug File System...
[   19.529560] systemd[1]: Listening on /dev/initctl Compatibility Named Pipe.
[[0;32m  OK  [0m] Listening on /dev/initctl Compatibility Named Pipe.
[   19.544349] systemd[1]: Starting Nameserver information manager...
         Starting Nameserver information manager...
[   19.561634] systemd[1]: Reached target User and Group Name Lookups.
[[0;32m  OK  [0m] Reached target User and Group Name Lookups.
[   19.592496] systemd[1]: Listening on Device-mapper event daemon FIFOs.
[[0;32m  OK  [0m] Listening on Device-mapper event daemon FIFOs.
[   19.628986] systemd[1]: Starting Monitoring of LVM2 mirrors, snapshots etc. using dmeventd or progress polling...
         Starting Monitoring of LVM2 mirrors... dmeventd or progress polling...
[   19.646326] systemd[1]: Starting File System Check on Root Device...
         Startin[   19.661277] systemd[1]: Listening on Journal Audit Socket.
g File System Check on Root Device...
[[0;32m  OK  [0m] Listening on Journal Audit Socket.
[   19.669193] systemd[1]: Starting Journal Service...
         Starting Journal Service...
[   19.681467] systemd[1]: Listening on udev Kernel Socket.
[[0;32m  OK  [0m] Listening on udev Kernel Socket.
[   19.725545] systemd[1]: Mounted Huge Pages File System.
[[0;32m  OK  [0m] Mounted Huge Pages File System.
[   19.738131] systemd[1]: Mounted POSIX Message Queue File System.
[[0;32m  OK  [0m] Mounted POSIX Message Queue File System.
[   19.749147] systemd[1]: Mounted Debug File System.
[[0;32m  OK  [0m] Mounted Debug File System.
[   19.762991] systemd[1]: Started Journal Service.
[[0;32m  OK  [0m] Started Journal Service.
[   19.774084] iscsi: registered transport (iser)
[[0;32m  OK  [0m] Started Uncomplicated firewall.
[[0;32m  OK  [0m] Started Load Kernel Modules.
[[0;32m  OK  [0m] Started Create list of required sta...ce nodes for the current kernel.
[[0;32m  OK  [0m] Started Set console keymap.
[[0;32m  OK  [0m] Started File System Check on Root Device.
[[0;32m  OK  [0m] Started Nameserver information manager.
[[0;32m  OK  [0m] Started LVM2 metadata daemon.
[[0;32m  OK  [0m] Started File System Check Daemon to report status.
         Starting Remount Root and Kernel File Systems...
[   19.875525] EXT4-fs (sda1): re-mounted. Opts: (null)
         Starting Create Static Device Nodes in /dev...
         Mounting FUSE Control File System...
         Starting Apply Kernel Variables...
[[0;32m  OK  [0m] Mounted FUSE Control File System.
[[0;32m  OK  [0m] Started Remount Root and Kernel File Systems.
         Starting Flush Journal to Persistent Storage...
         Starting Load/Save Random Seed...
         Starting udev Coldplug all Devices...
[[0;32m  OK  [0m] Started Apply Kernel Variables.
[[0;32m  OK  [0m] Started Load/Save Random Seed.
[[0;32m  OK  [0m] Started Create Static Device Nodes in /dev.
         Starting udev Kernel Device Manager...
[[0;32m  OK  [0m] Started Flush Journal to Persistent Storage.
[[0;32m  OK  [0m] Started udev Coldplug all Devices.
[[0;32m  OK  [0m] Started udev Kernel Device Manager.
[[0;32m  OK  [0m] Started Dispatch Password Requests to Console Directory Watch.
[[0;32m  OK  [0m] Started Monitoring of LVM2 mirrors,...ng dmeventd or progress polling.
[[0;32m  OK  [0m] Reached target Local File Systems (Pre).
[[0;32m  OK  [0m] Reached target Local File Systems.
         Starting Set console font and keymap...
         Starting LSB: AppArmor initialization...
         Starting Commit a transient machine-id on disk...
         Starting Create Volatile Files and Directories...
         Starting Tell Plymouth To Write Out Runtime Data...
         Starting Initial cloud-init job (pre-networking)...
[[0;32m  OK  [0m] Started Commit a transient machine-id on disk.
[[0;32m  OK  [0m] Started Create Volatile Files and Directories.
[[0;32m  OK  [0m] Started Tell Plymouth To Write Out Runtime Data.
[[0;32m  OK  [0m] Found device /dev/ttyS0.
[[0;32m  OK  [0m] Listening on Load/Save RF Kill Switch Status /dev/rfkill Watch.
         Starting Update UTMP about System Boot/Shutdown...
[[0;32m  OK  [0m] Started LSB: AppArmor initialization.
         Starting Load AppArmor profiles managed internally by snapd...
[   24.385452] cloud-init[516]: Cloud-init v. 21.1-19-gbad84ad4-0ubuntu1~16.04.2 running 'init-local' at Mon, 15 May 2023 18:20:51 +0000. Up 23.26 seconds.
[[0;32m  OK  [0m] Started Load AppArmor profiles managed internally by snapd.
[[0;32m  OK  [0m] Started Initial cloud-init job (pre-networking).
[[0;32m  OK  [0m] Reached target Network (Pre).
         Starting Raise network interfaces...
[[0;32m  OK  [0m] Started Update UTMP about System Boot/Shutdown.
[[0;32m  OK  [0m] Started Set console font and keymap.
[[0;32m  OK  [0m] Created slice system-getty.slice.
[[0;32m  OK  [0m] Started Raise network interfaces.
[[0;32m  OK  [0m] Reached target Network.
         Starting Initial cloud-init job (metadata service crawler)...
[   31.132910] cloud-init[949]: Cloud-init v. 21.1-19-gbad84ad4-0ubuntu1~16.04.2 running 'init' at Mon, 15 May 2023 18:20:57 +0000. Up 28.99 seconds.
[   31.178486] cloud-init[949]: ci-info: ++++++++++++++++++++++++++++++++++++++Net device info++++++++++++++++++++++++++++++++++++++
[   31.211325] cloud-init[949]: ci-info: +--------+------+----------------------------+---------------+--------+-------------------+
[   31.248067] cloud-init[949]: ci-info: | Device |  Up  |          Address           |      Mask     | Scope  |     Hw-Address    |
[   31.280595] cloud-init[[0;32m  OK  [0m] Started Initial cloud-init job (metadata service crawler).
[[0;32m  OK  [0m] Reached target Network is Online.
[949]: ci-info: +--------+------+----------------------------+---------------+--------+-------------------+
[   31.295679]          Starting iSCSI initiator daemon (iscsid)...
[[0;32m  OK  [0m] Reached target Cloud-config availability.
[[0;32m  OK  [0m] Reached target System Initialization.
[[0;32m  OK  [0m] Started Daily Cleanup of Temporary Directories.
[[0;32m  OK  [0m] Started Message of the Day.
[[0;32m  OK  [0m] Listening on ACPID Listen Socket.
         Starting Socket activation for snappy daemon.
[[0;32m  OK  [0m] Started Daily apt download activities.
[[0;32m  OK  [0m] Started Daily apt upgrade and clean activities.
[[0;32m  OK  [0m] Listening on UUID daemon activation socket.
cloud-init[949]: ci-info: | enp0s3 | True |         10.0.2.15          | 255.255.255.0 | global | 02:be:82:6b:cc:1d |
[   31.319505] cloud-init[949]: ci-info: | enp0s3 | True | fe80::be:82ff:fe6b:cc1d/64 |       .       |  link  | 02:be:82:6b:cc:1d |
[   31.327984] [[0;32m  OK  [0m] Started ACPI Events Check.
[[0;32m  OK  [0m] Reached target Paths.
cloud-init         Starting LXD - unix socket.
[[0;32m  OK  [0m] Listening on D-Bus System Message Bus Socket.
[[0;32m  OK  [0m] Started Ubuntu Advantage update messaging.
[[0;32m  OK  [0m] Reached target Timers.
[[0;32m  OK  [0m] Listening on Socket activation for snappy daemon.
[[0;32m  OK  [0m] Listening on LXD - unix socket.
[[0;32m  OK  [0m] Reached target Sockets.
[[0;32m  OK  [0m] Reached target Basic System.
[949]: ci-info: |   lo   | True |         127.0.0.1          |   255.0.0.0   |  host  |         .         |
[   31.354072] cloud-init[949]: ci-info: |   lo   | True |          ::1/128           |       .       |  host  |         .         |
[   31.362084] cloud-init[949]: ci-info: +--------+------+----------------------------+---------------+--------+-------------------+
[[0;32m  OK  [0m] Started ACPI event daemon.
[[0;32m  OK  [0m] Started Regular background program processing daemon.
         Starting System Logging Service...
[   31.371060]          Starting Pollinate to seed the pseudo random number generator...
         Starting LSB: MD monitoring daemon...
         Starting /etc/rc.local Compatibility...
[[0;32m  OK  [0m] Started Deferred execution scheduler.
[[0;32m  OK  [0m] Started D-Bus System Message Bus.
cloud-init[949]: ci-info: +++++++++++++++++++++++++++Route IPv4 info++++++++++++++++++++++++++++
[   31.419132] cloud-init[949]: ci-info: +-------+-------------+----------+---------------+-----------+-------+
[   31.430685] cloud-init[949]: ci-info: | Route | Destination | Gateway  |    Genmask    | Interface | Flags |
[   31.438991] cloud-init[949]: ci-info: +-------+-------------+----------+---------------+-----------+-------+
[   31.450754] cloud-init[949]: ci-info: |   0   |   0.0.0.0   | 10.0.2.2 |    0.0.0.0    |   enp0s3  |   UG  |
[   31.465172] cloud-init[949]: ci-info: |   1   |   10.0.2.0  | 0.0.0.0  | 255.255.255.0 |   enp0s3  |   U   |
[   31.474750] cloud-init[949]: ci-info: +-------+-------------+----------+---------------+-----------+-------+         Starting Virtualbox guest utils...

         Starting Snap Daemon...
         Starting LSB: Record successful boot for GRUB...
         Starting Accounts Service...
[[0;32m  OK  [0m] Started FUSE filesystem for LXC.
         Starting Login Service...
         Starting LXD - container startup/shutdown...
[[0;32m  OK  [0m] Started System Logging Service.
[[0;32m  OK  [0m] Started /etc/rc.local Compatibility.
[[0;32m  OK  [0m] Started iSCSI initiator daemon (iscsid).
[   31.510373] cloud-init[949]:          Starting Login to default iSCSI targets...
ci-info: +++++++++++++++++++Route IPv6 info+++++++++++++++++++[[0;32m  OK  [0m] Started Login Service.
[[0;32m  OK  [0m] Started Unattended Upgrades Shutdown.

[   31.576773] cloud-init[949]: ci-info: +-------+-------------+---------+-----------+-------+
[   31.593113] cloud-init[949]: ci-info: | Route | Destination | Gateway | Interface | Flags |
[   31.602209] cloud-init[949]: ci-info: +-------+-------------+---------+-----------+-------+
[   31.611437] cloud-init[949]: [[0;32m  OK  [0m] Started Login to default iSCSI targets.
[[0;32m  OK  [0m] Reached target Remote File Systems (Pre).
[[0;32m  OK  [0m] Reached target Remote File Systems.
         Starting LSB: Set the CPU Frequency Scaling governor to "ondemand"...
         Starting LSB: daemon to balance interrupts for SMP systems...
         Starting LSB: automatic crash report generation...
         Starting Permit User Sessions...
[[0;32m  OK  [0m] Started LSB: Record successful boot for GRUB.
ci-info: |   0   |  fe80::/64  |    ::   |   enp0s3  |   U   |[[0;32m  OK  [0m] Started Permit User Sessions.

[   31.702106] cloud-init[949]: ci-info: |   3   |   ff00::/8  |    ::   |   enp0s3  |   U   |         Starting Terminate Plymouth Boot Screen...
         Starting Hold until boot process finishes up...
[[0;32m  OK  [0m] Started LSB: Set the CPU Frequency Scaling governor to "ondemand".

[[0;32m  OK  [0m] Started Hold until boot process finishes up.
[   31.735884] [[0;32m  OK  [0m] Started Getty on tty1.
         Starting Set console scheme...
[[0;32m  OK  [0m] Started Serial Getty on ttyS0.
[[0;32m  OK  [0m] Reached target Login Prompts.
[[0;32m  OK  [0m] Started LSB: MD monitoring daemon.
[[0;32m  OK  [0m] Started Terminate Plymouth Boot Screen.
cloud-init[949]: ci-info: +-------+-------------+---------+-----------+-------+[[0;32m  OK  [0m] Started Set console scheme.

         Starting Authenticate and Authorize Users to Run Privileged Tasks...
[   31.836991] cloud-init[949]: Generating public/private rsa key pair.
[   31.888554] cloud-init[[0;32m  OK  [0m] Started LSB: daemon to balance interrupts for SMP systems.
[949]: Your identification has been saved in /etc/ssh/ssh_host_rsa_key.
[   31.927668] cloud-init[949]: Your public key has been saved in /etc/ssh/ssh_host_rsa_key.pub.[[0;32m  OK  [0m] Started Authenticate and Authorize Users to Run Privileged Tasks.

[[0;32m  OK  [0m] Started Accounts Service.
[   31.949349] cloud-init[949]: The key fingerprint is:
[   31.957393] cloud-init[949]: SHA256:gKxBmpXM7bVQmEG9SznCG6VrwXWd3VHdEillIcjj2wc root@ubuntu-xenial
[   31.975016] cloud-init[949]: The key's randomart image is:[[0;32m  OK  [0m] Started LSB: automatic crash report generation.

[   31.995887] cloud-init[949]: +---[RSA 2048]----+
[   32.011086] cloud-init[949]: | oo+o*.  o +.o**+|
[   32.025946] cloud-init[949]: | =+.=.= . * oo+ o|
[[0;32m  OK  [0m] Started LXD - container startup/shutdown.
[   32.031707] cloud-init[949]: |o .+o*.= . . . . |
[   32.044602] cloud-init[949]: |   oO *.  . E    |
[[0;32m  OK  [0m] Started Virtualbox guest utils.
[   32.064338] cloud-init[949]: |  .  B oS  o .   |
[   32.088349] cloud-init[949]: |    + .   . . .  |
[   32.097102] cloud-init[949]: |   .         .   |
[   32.105143] cloud-init[949]: |                 |
[   32.114147] cloud-init[949]: |                 |
[   32.123225] cloud-init[949]: +----[SHA256]-----+
[   32.132236] cloud-init[949]: Generating public/private dsa key pair.
[   32.141668] cloud-init[949]: Your identification has been saved in /etc/ssh/ssh_host_dsa_key.
[   32.156760] cloud-init[949]: Your public key has been saved in /etc/ssh/ssh_host_dsa_key.pub.
[   32.170557] cloud-init[949]: The key fingerprint is:
[   32.181905] cloud-init[949]: SHA256:4+Vs2YD531vkiG3U9/bl0sI+rRQY8ZloSsC7oa6rUi4 root@ubuntu-xenial
[   32.193868] cloud-init[949]: The key's randomart image is:
[   32.205443] cloud-init[949]: +---[DSA 1024]----+
[   32.216641] cloud-init[949]: |       ..   .    |
[   32.227261] cloud-init[949]: |        ..   + o |
[   32.237586] cloud-init[949]: |         .. + +  |
[   32.247720] cloud-init[949]: |        o+ o o . |
[   32.260746] cloud-init[949]: |       .So+ . o +|
[   32.267759] cloud-init[949]: |  .   ...* + + =o|
[   32.275822] cloud-init[949]: | o   .  . * o.=o*|
[   32.285298] [[0;32m  OK  [0m] Started Snap Daemon.
cloud-init[949]: |E .   .  . . +=+=|
[   32.296543] cloud-init[949]: | o..oo      ..=*o|         Starting Wait until snapd is fully seeded...

[   32.320755] cloud-init[949]: +----[SHA256]-----+
[   32.330474] cloud-init[949]: Generating public/private ecdsa key pair.
[   32.344441] cloud-init[949]: Your identification has been saved in /etc/ssh/ssh_host_ecdsa_key.
[   32.355995] cloud-init[949]: Your public key has been saved in /etc/ssh/ssh_host_ecdsa_key.pub.
[   32.364705] cloud-init[949]: The key fingerprint is:
[   32.371781] cloud-init[949]: SHA256:UOER9iRrOxTwQHm5R8EO47PZ4Q1MW382D4S5XtZAINs root@ubuntu-xenial
[   32.382577] cloud-init[949]: The key's randomart image is:
[   32.391132] cloud-init[949]: +---[ECDSA 256]---+
[   32.401210] cloud-init[949]: |     .+oO=+..=.  |
[   32.413777] cloud-init[949]: |      .*=B+++ o  |
[   32.430376] cloud-init[949]: |      .o*OooE+ o |
[   32.442089] cloud-init[949]: |       ++.B . =.+|
[   32.461279] cloud-init[949]: |        SB = o +o|
[   32.474506] cloud-init[949]: |        o.o o   .|
[   32.487725] cloud-init[949]: |                 |
[   32.502285] cloud-init[949]: |                 |
[   32.516646] cloud-init[949]: |                 |
[   32.533069] cloud-init[949]: +----[SHA256]-----+
[   32.549493] cloud-init[949]: Generating public/private ed25519 key pair.
[   32.567655] cloud-init[949]: Your identification has been saved in /etc/ssh/ssh_host_ed25519_key.
[   32.586171] cloud-init[949]: Your public key has been saved in /etc/ssh/ssh_host_ed25519_key.pub.
[   32.606077] cloud-init[949]: The key fingerprint is:
[   32.622279] cloud-init[949]: SHA256:S0syRf1Zdr7y93wQdQoisCr95gCrE77WZKtSN5YvSdA root@ubuntu-xenial
[   32.645151] cloud-init[949]: The key's randomart image is:
[   32.661804] cloud-init[949]: +--[ED25519 256]--+
[   32.677126] cloud-init[949]: |      ....       |
[   32.693464] cloud-init[949]: |       o. o . o +|
[   32.712817] cloud-init[949]: |   .  . .. o = =.|
[   32.730116] cloud-init[949]: |  ..E. .    o o .|
[   32.749954] cloud-init[949]: |  o.o.o S      ..|
[   32.766303] cloud-init[949]: |. .**. = o   ... |
[   32.781209] cloud-init[949]: |.o=+o+o o     o. |
[   32.794616] cloud-init[949]: |o+ oo+.        oo|
[   32.810732] cloud-init[949]: |++o  ..         *|
[   32.822787] cloud-init[949]: +----[SHA256]-----+
[[0;32m  OK  [0m] Started Pollinate to seed the pseudo random number generator.
         Starting OpenBSD Secure Shell server...
[[0;32m  OK  [0m] Started OpenBSD Secure Shell server.
[[0;32m  OK  [0m] Created slice User Slice of vagrant.
         Starting User Manager for UID 1000...
[[0;32m  OK  [0m] Started Session 1 of user vagrant.
[[0;32m  OK  [0m] Started User Manager for UID 1000.

Ubuntu 16.04.7 LTS ubuntu-xenial ttyS0

ubuntu-xenial login: [   38.975590] cloud-init[1466]: Generating locales (this might take a while)...
[   40.882093] cloud-init[1466]:   en_US.UTF-8... done
[   40.886552] cloud-init[1466]: Generation complete.
[   42.049199] cloud-init[1466]: Cloud-init v. 21.1-19-gbad84ad4-0ubuntu1~16.04.2 running 'modules:config' at Mon, 15 May 2023 18:21:07 +0000. Up 38.78 seconds.
ci-info: no authorized SSH keys fingerprints found for user ubuntu.
<14>May 15 18:21:11 ec2: 
<14>May 15 18:21:11 ec2: #############################################################
<14>May 15 18:21:11 ec2: -----BEGIN SSH HOST KEY FINGERPRINTS-----
<14>May 15 18:21:11 ec2: 1024 SHA256:4+Vs2YD531vkiG3U9/bl0sI+rRQY8ZloSsC7oa6rUi4 root@ubuntu-xenial (DSA)
<14>May 15 18:21:11 ec2: 256 SHA256:UOER9iRrOxTwQHm5R8EO47PZ4Q1MW382D4S5XtZAINs root@ubuntu-xenial (ECDSA)
<14>May 15 18:21:11 ec2: 256 SHA256:S0syRf1Zdr7y93wQdQoisCr95gCrE77WZKtSN5YvSdA root@ubuntu-xenial (ED25519)
<14>May 15 18:21:11 ec2: 2048 SHA256:gKxBmpXM7bVQmEG9SznCG6VrwXWd3VHdEillIcjj2wc root@ubuntu-xenial (RSA)
<14>May 15 18:21:11 ec2: -----END SSH HOST KEY FINGERPRINTS-----
<14>May 15 18:21:11 ec2: #############################################################
-----BEGIN SSH HOST KEY KEYS-----
ecdsa-sha2-nistp256 AAAAE2VjZHNhLXNoYTItbmlzdHAyNTYAAAAIbmlzdHAyNTYAAABBBPjv8PQaOCHo2Tr3NVwOX+wsObGjHWTICOEV0goUVd22WpKa6F5smadDMfDnsbjHQ+nQRl1z9dMj94SUtwuRCOA= root@ubuntu-xenial
ssh-ed25519 AAAAC3NzaC1lZDI1NTE5AAAAIGIPnBBBTaGqnwPuFzRaSpK+3d9nZnqGOM8mXnAiwSUo root@ubuntu-xenial
ssh-rsa AAAAB3NzaC1yc2EAAAADAQABAAABAQD4KKVUiYTha7yyLXkgx6AS+9sgh2UA9JOg6BQ01X2s1luaGdg+LMdusWTaEWRkicT8TVnci8VJCe4+3IdwOABRnpCeOFHcNBl8Y9LIxX7UFRKMVXCCtrsryynhw1dgjoT1lLmic2qtXp++7gd19dnoH+Uftm52CGPi1lzlDIVT37YdG9HHmuv+D99k0FRBkjconFOUktXa8mQ2NVaWZjYnyW9lwkBxrrw5ruC7iq/I3JQOKuofkC3v+PCo1wUuyK1WIiWcejZr93ZJs+ymxyWFy9sa06ewC2vXElV4JP3J1zA9HnTzhdnZ4jXgaNxrrY+tl0yuzmgCUlE2QmdMzTMd root@ubuntu-xenial
-----END SSH HOST KEY KEYS-----
[   42.947588] cloud-init[1659]: Cloud-init v. 21.1-19-gbad84ad4-0ubuntu1~16.04.2 running 'modules:final' at Mon, 15 May 2023 18:21:10 +0000. Up 42.58 seconds.
[   42.947870] cloud-init[1659]: ci-info: no authorized SSH keys fingerprints found for user ubuntu.
[   42.948874] cloud-init[1659]: Cloud-init v. 21.1-19-gbad84ad4-0ubuntu1~16.04.2 finished at Mon, 15 May 2023 18:21:11 +0000. Datasource DataSourceNoCloud [seed=/dev/sdb][dsmode=net].  Up 42.93 seconds
