[    0.000000] Initializing cgroup subsys cpuset
[    0.000000] Initializing cgroup subsys cpu
[    0.000000] Initializing cgroup subsys cpuacct
[    0.000000] Linux version 4.4.0-210-generic (buildd@lgw01-amd64-009) (gcc version 5.4.0 20160609 (Ubuntu 5.4.0-6ubuntu1~16.04.12) ) #242-Ubuntu SMP Fri Apr 16 09:57:56 UTC 2021 (Ubuntu 4.4.0-210.242-generic 4.4.262)
[    0.000000] Command line: BOOT_IMAGE=/boot/vmlinuz-4.4.0-210-generic root=LABEL=cloudimg-rootfs ro console=tty1 console=ttyS0
[    0.000000] KERNEL supported cpus:
[    0.000000]   Intel GenuineIntel
[    0.000000]   AMD AuthenticAMD
[    0.000000]   Centaur CentaurHauls
[    0.000000] x86/fpu: Legacy x87 FPU detected.
[    0.000000] e820: BIOS-provided physical RAM map:
[    0.000000] BIOS-e820: [mem 0x0000000000000000-0x000000000009fbff] usable
[    0.000000] BIOS-e820: [mem 0x000000000009fc00-0x000000000009ffff] reserved
[    0.000000] BIOS-e820: [mem 0x00000000000f0000-0x00000000000fffff] reserved
[    0.000000] BIOS-e820: [mem 0x0000000000100000-0x000000003ffeffff] usable
[    0.000000] BIOS-e820: [mem 0x000000003fff0000-0x000000003fffffff] ACPI data
[    0.000000] BIOS-e820: [mem 0x00000000fec00000-0x00000000fec00fff] reserved
[    0.000000] BIOS-e820: [mem 0x00000000fee00000-0x00000000fee00fff] reserved
[    0.000000] BIOS-e820: [mem 0x00000000fffc0000-0x00000000ffffffff] reserved
[    0.000000] NX (Execute Disable) protection: active
[    0.000000] SMBIOS 2.5 present.
[    0.000000] Hypervisor detected: KVM
[    0.000000] Kernel/User page tables isolation: disabled
[    0.000000] e820: last_pfn = 0x3fff0 max_arch_pfn = 0x400000000
[    0.000000] MTRR: Disabled
[    0.000000] x86/PAT: MTRRs disabled, skipping PAT initialization too.
[    0.000000] CPU MTRRs all blank - virtualized system.
[    0.000000] x86/PAT: Configuration [0-7]: WB  WT  UC- UC  WB  WT  UC- UC  
[    0.000000] found SMP MP-table at [mem 0x0009fff0-0x0009ffff] mapped at [ffff88000009fff0]
[    0.000000] Scanning 1 areas for low memory corruption
[    0.000000] RAMDISK: [mem 0x362dc000-0x37165fff]
[    0.000000] ACPI: Early table checksum verification disabled
[    0.000000] ACPI: RSDP 0x00000000000E0000 000024 (v02 VBOX  )
[    0.000000] ACPI: XSDT 0x000000003FFF0030 00003C (v01 VBOX   VBOXXSDT 00000001 ASL  00000061)
[    0.000000] ACPI: FACP 0x000000003FFF00F0 0000F4 (v04 VBOX   VBOXFACP 00000001 ASL  00000061)
[    0.000000] ACPI: DSDT 0x000000003FFF0610 002353 (v02 VBOX   VBOXBIOS 00000002 INTL 20100528)
[    0.000000] ACPI: FACS 0x000000003FFF0200 000040
[    0.000000] ACPI: FACS 0x000000003FFF0200 000040
[    0.000000] ACPI: APIC 0x000000003FFF0240 00005C (v02 VBOX   VBOXAPIC 00000001 ASL  00000061)
[    0.000000] ACPI: SSDT 0x000000003FFF02A0 00036C (v01 VBOX   VBOXCPUT 00000002 INTL 20100528)
[    0.000000] No NUMA configuration found
[    0.000000] Faking a node at [mem 0x0000000000000000-0x000000003ffeffff]
[    0.000000] NODE_DATA(0) allocated [mem 0x3ffeb000-0x3ffeffff]
[    0.000000] kvm-clock: Using msrs 4b564d01 and 4b564d00
[    0.000000] kvm-clock: cpu 0, msr 0:3ffe3001, primary cpu clock
[    0.000000] kvm-clock: using sched offset of 4518797266 cycles
[    0.000000] clocksource: kvm-clock: mask: 0xffffffffffffffff max_cycles: 0x1cd42e4dffb, max_idle_ns: 881590591483 ns
[    0.000000] Zone ranges:
[    0.000000]   DMA      [mem 0x0000000000001000-0x0000000000ffffff]
[    0.000000]   DMA32    [mem 0x0000000001000000-0x000000003ffeffff]
[    0.000000]   Normal   empty
[    0.000000]   Device   empty
[    0.000000] Movable zone start for each node
[    0.000000] Early memory node ranges
[    0.000000]   node   0: [mem 0x0000000000001000-0x000000000009efff]
[    0.000000]   node   0: [mem 0x0000000000100000-0x000000003ffeffff]
[    0.000000] Initmem setup node 0 [mem 0x0000000000001000-0x000000003ffeffff]
[    0.000000] ACPI: PM-Timer IO Port: 0x4008
[    0.000000] IOAPIC[0]: apic_id 2, version 32, address 0xfec00000, GSI 0-23
[    0.000000] ACPI: INT_SRC_OVR (bus 0 bus_irq 0 global_irq 2 dfl dfl)
[    0.000000] ACPI: INT_SRC_OVR (bus 0 bus_irq 9 global_irq 9 low level)
[    0.000000] Using ACPI (MADT) for SMP configuration information
[    0.000000] smpboot: Allowing 2 CPUs, 0 hotplug CPUs
[    0.000000] PM: Registered nosave memory: [mem 0x00000000-0x00000fff]
[    0.000000] PM: Registered nosave memory: [mem 0x0009f000-0x0009ffff]
[    0.000000] PM: Registered nosave memory: [mem 0x000a0000-0x000effff]
[    0.000000] PM: Registered nosave memory: [mem 0x000f0000-0x000fffff]
[    0.000000] e820: [mem 0x40000000-0xfebfffff] available for PCI devices
[    0.000000] Booting paravirtualized kernel on KVM
[    0.000000] clocksource: refined-jiffies: mask: 0xffffffff max_cycles: 0xffffffff, max_idle_ns: 7645519600211568 ns
[    0.000000] setup_percpu: NR_CPUS:512 nr_cpumask_bits:512 nr_cpu_ids:2 nr_node_ids:1
[    0.000000] PERCPU: Embedded 33 pages/cpu @ffff88003fc00000 s95192 r8192 d31784 u1048576
[    0.000000] Built 1 zonelists in Node order, mobility grouping on.  Total pages: 257912
[    0.000000] Policy zone: DMA32
[    0.000000] Kernel command line: BOOT_IMAGE=/boot/vmlinuz-4.4.0-210-generic root=LABEL=cloudimg-rootfs ro console=tty1 console=ttyS0
[    0.000000] PID hash table entries: 4096 (order: 3, 32768 bytes)
[    0.000000] Memory: 997792K/1048120K available (8644K kernel code, 1332K rwdata, 4044K rodata, 1492K init, 1164K bss, 50328K reserved, 0K cma-reserved)
[    0.000000] SLUB: HWalign=64, Order=0-3, MinObjects=0, CPUs=2, Nodes=1
[    0.000000] Hierarchical RCU implementation.
[    0.000000] 	Build-time adjustment of leaf fanout to 64.
[    0.000000] 	RCU restricting CPUs from NR_CPUS=512 to nr_cpu_ids=2.
[    0.000000] RCU: Adjusting geometry for rcu_fanout_leaf=64, nr_cpu_ids=2
[    0.000000] NR_IRQS:33024 nr_irqs:440 16
[    0.000000] Console: colour VGA+ 80x25
[    0.000000] console [tty1] enabled
[    0.000000] console [ttyS0] enabled
[    0.000000] tsc: Detected 2304.006 MHz processor
[    1.031001] Calibrating delay loop (skipped) preset value.. 4608.01 BogoMIPS (lpj=9216024)
[    1.046557] pid_max: default: 32768 minimum: 301
[    1.061775] ACPI: Core revision 20150930
[    1.077150] ACPI: 2 ACPI AML tables successfully acquired and loaded
[    1.099641] Security Framework initialized
[    1.111236] Yama: becoming mindful.
[    1.120157] AppArmor: AppArmor initialized
[    1.130670] Dentry cache hash table entries: 131072 (order: 8, 1048576 bytes)
[    1.169108] Inode-cache hash table entries: 65536 (order: 7, 524288 bytes)
[    1.195440] Mount-cache hash table entries: 2048 (order: 2, 16384 bytes)
[    1.212238] Mountpoint-cache hash table entries: 2048 (order: 2, 16384 bytes)
[    1.237560] Initializing cgroup subsys io
[    1.262387] Initializing cgroup subsys memory
[    1.288072] Initializing cgroup subsys devices
[    1.319584] Initializing cgroup subsys freezer
[    1.351213] Initializing cgroup subsys net_cls
[    1.381745] Initializing cgroup subsys perf_event
[    1.397565] Initializing cgroup subsys net_prio
[    1.411911] Initializing cgroup subsys hugetlb
[    1.424648] Initializing cgroup subsys pids
[    1.446079] mce: CPU supports 0 MCE banks
[    1.455768] Last level iTLB entries: 4KB 64, 2MB 8, 4MB 8
[    1.473510] Last level dTLB entries: 4KB 64, 2MB 0, 4MB 0, 1GB 4
[    1.492219] Spectre V1 : Mitigation: usercopy/swapgs barriers and __user pointer sanitization
[    1.519292] Spectre V2 : Mitigation: Enhanced IBRS
[    1.537372] Spectre V2 : Spectre v2 / SpectreRSB mitigation: Filling RSB on context switch
[    1.571633] Speculative Store Bypass: Vulnerable
[    1.587093] SRBDS: Mitigation: TSX disabled
[    1.741260] Freeing SMP alternatives memory: 36K
[    1.986911] ftrace: allocating 32380 entries in 127 pages
[    3.867414] smpboot: APIC(0) Converting physical 0 to logical package 0
[    3.884333] smpboot: Max logical packages: 1
[    3.924561] ..TIMER: vector=0x30 apic1=0 pin1=2 apic2=-1 pin2=-1
[    4.045895] smpboot: CPU0: Intel(R) Core(TM) i7-10510U CPU @ 1.80GHz (family: 0x6, model: 0x8e, stepping: 0xc)
[    4.067980] Performance Events: unsupported p6 CPU model 142 no PMU driver, software events only.
[    4.372481] KVM setup paravirtual spinlock
[    4.389701] x86: Booting SMP configuration:
[    4.401501] .... node  #0, CPUs:      #1
[    4.413708] kvm-clock: cpu 1, msr 0:3ffe3041, secondary cpu clock
[    4.427746] mce: CPU supports 0 MCE banks
[    4.433133] TSC synchronization [CPU#0 -> CPU#1]:
[    4.440365] Measured 134854 cycles TSC warp between CPUs, turning off TSC clock.
[    4.452021] tsc: Marking TSC unstable due to check_tsc_sync_source failed
[    1.045264] x86: Booted up 1 node, 2 CPUs
[    1.048011] smpboot: Total of 2 processors activated (9216.02 BogoMIPS)
[    1.064163] devtmpfs: initialized
[    1.072550] evm: security.selinux
[    1.076036] evm: security.SMACK64
[    1.080008] evm: security.SMACK64EXEC
[    1.084008] evm: security.SMACK64TRANSMUTE
[    1.088008] evm: security.SMACK64MMAP
[    1.092008] evm: security.ima
[    1.096008] evm: security.capability
[    1.104460] clocksource: jiffies: mask: 0xffffffff max_cycles: 0xffffffff, max_idle_ns: 7645041785100000 ns
[    1.108028] futex hash table entries: 512 (order: 3, 32768 bytes)
[    1.112758] pinctrl core: initialized pinctrl subsystem
[    1.116766] RTC time: 19:35:57, date: 05/15/23
[    1.125320] NET: Registered protocol family 16
[    1.144040] cpuidle: using governor ladder
[    1.160051] cpuidle: using governor menu
[    1.164032] PCCT header not found.
[    1.168431] ACPI: bus type PCI registered
[    1.172019] acpiphp: ACPI Hot Plug PCI Controller Driver version: 0.5
[    1.178254] PCI: Using configuration type 1 for base access
[    1.212764] ACPI: Added _OSI(Module Device)
[    1.216007] ACPI: Added _OSI(Processor Device)
[    1.220007] ACPI: Added _OSI(3.0 _SCP Extensions)
[    1.224007] ACPI: Added _OSI(Processor Aggregator Device)
[    1.230400] ACPI: Executed 1 blocks of module-level executable AML code
[    1.245886] ACPI: Interpreter enabled
[    1.248028] ACPI: (supports S0 S5)
[    1.252006] ACPI: Using IOAPIC for interrupt routing
[    1.256791] PCI: Using host bridge windows from ACPI; if necessary, use "pci=nocrs" and report a bug
[    1.277757] ACPI: PCI Root Bridge [PCI0] (domain 0000 [bus 00-ff])
[    1.280012] acpi PNP0A03:00: _OSC: OS supports [ASPM ClockPM Segments MSI]
[    1.285205] acpi PNP0A03:00: _OSC: not requesting OS control; OS requires [ExtendedConfig ASPM ClockPM MSI]
[    1.288029] acpi PNP0A03:00: fail to add MMCONFIG information, can't access extended PCI configuration space under this bridge.
[    1.293007] PCI host bridge to bus 0000:00
[    1.296009] pci_bus 0000:00: root bus resource [io  0x0000-0x0cf7 window]
[    1.300068] pci_bus 0000:00: root bus resource [io  0x0d00-0xffff window]
[    1.304010] pci_bus 0000:00: root bus resource [mem 0x000a0000-0x000bffff window]
[    1.308013] pci_bus 0000:00: root bus resource [mem 0x40000000-0xfdffffff window]
[    1.312016] pci_bus 0000:00: root bus resource [bus 00-ff]
[    1.328623] pci 0000:00:01.1: legacy IDE quirk: reg 0x10: [io  0x01f0-0x01f7]
[    1.332008] pci 0000:00:01.1: legacy IDE quirk: reg 0x14: [io  0x03f6]
[    1.336008] pci 0000:00:01.1: legacy IDE quirk: reg 0x18: [io  0x0170-0x0177]
[    1.340008] pci 0000:00:01.1: legacy IDE quirk: reg 0x1c: [io  0x0376]
[    1.380890] pci 0000:00:07.0: quirk: [io  0x4000-0x403f] claimed by PIIX4 ACPI
[    1.384057] pci 0000:00:07.0: quirk: [io  0x4100-0x410f] claimed by PIIX4 SMB
[    1.402579] ACPI: PCI Interrupt Link [LNKA] (IRQs 5 9 10 *11)
[    1.412719] ACPI: PCI Interrupt Link [LNKB] (IRQs 5 9 *10 11)
[    1.424456] ACPI: PCI Interrupt Link [LNKC] (IRQs 5 *9 10 11)
[    1.436425] ACPI: PCI Interrupt Link [LNKD] (IRQs 5 9 10 *11)
[    1.445406] ACPI: Enabled 2 GPEs in block 00 to 07
[    1.448520] vgaarb: setting as boot device: PCI:0000:00:02.0
[    1.452000] vgaarb: device added: PCI:0000:00:02.0,decodes=io+mem,owns=io+mem,locks=none
[    1.452010] vgaarb: loaded
[    1.456007] vgaarb: bridge control possible 0000:00:02.0
[    1.460812] SCSI subsystem initialized
[    1.468272] ACPI: bus type USB registered
[    1.472051] usbcore: registered new interface driver usbfs
[    1.476060] usbcore: registered new interface driver hub
[    1.480013] usbcore: registered new device driver usb
[    1.488628] PCI: Using ACPI for IRQ routing
[    1.493469] NetLabel: Initializing
[    1.496015] NetLabel:  domain hash size = 128
[    1.500003] NetLabel:  protocols = UNLABELED CIPSOv4
[    1.504026] NetLabel:  unlabeled traffic allowed by default
[    1.512475] amd_nb: Cannot enumerate AMD northbridges
[    1.516961] clocksource: Switched to clocksource kvm-clock
[    1.565757] AppArmor: AppArmor Filesystem Enabled
[    1.565757] pnp: PnP ACPI init
[    1.565757] pnp: PnP ACPI: found 3 devices
[    1.759201] clocksource: acpi_pm: mask: 0xffffff max_cycles: 0xffffff, max_idle_ns: 2085701024 ns
[    1.761108] NET: Registered protocol family 2
[    1.805303] TCP established hash table entries: 8192 (order: 4, 65536 bytes)
[    1.808283] TCP bind hash table entries: 8192 (order: 5, 131072 bytes)
[    1.808283] TCP: Hash tables configured (established 8192 bind 8192)
[    1.808283] UDP hash table entries: 512 (order: 2, 16384 bytes)
[    1.808283] UDP-Lite hash table entries: 512 (order: 2, 16384 bytes)
[    1.808283] NET: Registered protocol family 1
[    1.808283] pci 0000:00:00.0: Limiting direct PCI/PCI transfers
[    1.808283] pci 0000:00:01.0: Activating ISA DMA hang workarounds
[    1.808283] Unpacking initramfs...
[    2.509021] Freeing initrd memory: 14888K
[    2.571180] clocksource: tsc: mask: 0xffffffffffffffff max_cycles: 0x2135fd711f6, max_idle_ns: 440795262176 ns
[    2.574758] platform rtc_cmos: registered platform RTC device (no PNP device found)
[    2.574758] Scanning for low memory corruption every 60 seconds
[    2.611394] audit: initializing netlink subsys (disabled)
[    2.613466] audit: type=2000 audit(1684179361.037:1): initialized
[    2.613466] Initialise system trusted keyring
[    2.639891] HugeTLB registered 2 MB page size, pre-allocated 0 pages
[    2.652825] zbud: loaded
[    2.659395] VFS: Disk quotas dquot_6.6.0
[    2.662403] VFS: Dquot-cache hash table entries: 512 (order 0, 4096 bytes)
[    2.662403] squashfs: version 4.0 (2009/01/31) Phillip Lougher
[    2.688288] fuse init (API version 7.23)
[    2.694673] Key type big_key registered
[    2.698213] Allocating IMA MOK and blacklist keyrings.
[    2.730911] Key type asymmetric registered
[    2.737795] Asymmetric key parser 'x509' registered
[    2.745381] Block layer SCSI generic (bsg) driver version 0.4 loaded (major 249)
[    2.756918] io scheduler noop registered
[    2.763080] io scheduler deadline registered (default)
[    2.770503] io scheduler cfq registered
[    2.774287] pci_hotplug: PCI Hot Plug PCI Core version: 0.5
[    2.774287] pciehp: PCI Express Hot Plug Controller Driver version: 0.4
[    2.774287] ACPI: AC Adapter [AC] (off-line)
[    2.774287] input: Power Button as /devices/LNXSYSTM:00/LNXPWRBN:00/input/input0
[    2.774287] ACPI: Power Button [PWRF]
[    2.774287] input: Sleep Button as /devices/LNXSYSTM:00/LNXSLPBN:00/input/input1
[    2.774287] ACPI: Sleep Button [SLPF]
[    2.837488] GHES: HEST is not enabled!
[    2.841821] ACPI: Battery Slot [BAT0] (battery present)
[    2.856246] Serial: 8250/16550 driver, 32 ports, IRQ sharing enabled
[    2.900817] 00:02: ttyS0 at I/O 0x3f8 (irq = 4, base_baud = 115200) is a 16550A
[    2.958908] Linux agpgart interface v0.103
[    2.996327] loop: module loaded
[    3.008527] scsi host0: ata_piix
[    3.018560] scsi host1: ata_piix
[    3.027543] ata1: PATA max UDMA/33 cmd 0x1f0 ctl 0x3f6 bmdma 0xd000 irq 14
[    3.041592] ata2: PATA max UDMA/33 cmd 0x170 ctl 0x376 bmdma 0xd008 irq 15
[    3.054665] libphy: Fixed MDIO Bus: probed
[    3.062803] tun: Universal TUN/TAP device driver, 1.6
[    3.071564] tun: (C) 1999-2004 Max Krasnyansky <maxk@qualcomm.com>
[    3.083267] PPP generic driver version 2.4.2
[    3.091550] ehci_hcd: USB 2.0 'Enhanced' Host Controller (EHCI) Driver
[    3.102127] ehci-pci: EHCI PCI platform driver
[    3.109778] ehci-platform: EHCI generic platform driver
[    3.118891] ohci_hcd: USB 1.1 'Open' Host Controller (OHCI) Driver
[    3.129040] ohci-pci: OHCI PCI platform driver
[    3.136714] ohci-platform: OHCI generic platform driver
[    3.144806] uhci_hcd: USB Universal Host Controller Interface driver
[    3.154208] i8042: PNP: PS/2 Controller [PNP0303:PS2K,PNP0f03:PS2M] at 0x60,0x64 irq 1,12
[    3.171839] serio: i8042 KBD port at 0x60,0x64 irq 1
[    3.179830] serio: i8042 AUX port at 0x60,0x64 irq 12
[    3.189087] mousedev: PS/2 mouse device common for all mice
[    3.205921] rtc_cmos rtc_cmos: rtc core: registered rtc_cmos as rtc0
[    3.217386] rtc_cmos rtc_cmos: alarms up to one day, 114 bytes nvram
[    3.228081] i2c /dev entries driver
[    3.234972] device-mapper: uevent: version 1.0.3
[    3.253036] device-mapper: ioctl: 4.34.0-ioctl (2015-10-28) initialised: dm-devel@redhat.com
[    3.267511] ledtrig-cpu: registered to indicate activity on CPUs
[    3.277767] NET: Registered protocol family 10
[    3.289303] NET: Registered protocol family 17
[    3.296951] Key type dns_resolver registered
[    3.309096] input: AT Translated Set 2 keyboard as /devices/platform/i8042/serio0/input/input2
[    3.312553] registered taskstats version 1
[    3.312568] Loading compiled-in X.509 certificates
[    3.313440] Loaded X.509 cert 'Build time autogenerated kernel key: cf00e047681d67edb2720680708b7d9498083038'
[    3.313471] zswap: loaded using pool lzo/zbud
[    3.344600] Key type trusted registered
[    3.379079] Key type encrypted registered
[    3.393071] AppArmor: AppArmor sha1 policy hashing enabled
[    3.409120] ima: No TPM chip found, activating TPM-bypass!
[    3.425945] ima: Allocated hash algorithm: sha1
[    3.437351] evm: HMAC attrs: 0x1
[    3.445799]   Magic number: 7:167:597
[    3.456000] rtc_cmos rtc_cmos: setting system clock to 2023-05-15 19:35:59 UTC (1684179359)
[    3.472242] BIOS EDD facility v0.16 2004-Jun-25, 0 devices found
[    3.487054] EDD information not available.
[    3.504954] Freeing unused kernel memory: 1492K
[    3.529487] Write protecting the kernel read-only data: 14336k
[    3.543238] Freeing unused kernel memory: 1584K
[    3.553452] Freeing unused kernel memory: 52K
Loading, please wait...
starting version 229
[    3.615169] random: systemd-udevd: uninitialized urandom read (16 bytes read, 10 bits of entropy available)
[    3.615306] random: udevadm: uninitialized urandom read (16 bytes read, 10 bits of entropy available)
[    3.615341] random: udevadm: uninitialized urandom read (16 bytes read, 10 bits of entropy available)
[    3.641897] random: udevadm: uninitialized urandom read (16 bytes read, 10 bits of entropy available)
[    3.641957] random: udevadm: uninitialized urandom read (16 bytes read, 10 bits of entropy available)
[    3.642127] random: udevadm: uninitialized urandom read (16 bytes read, 10 bits of entropy available)
[    3.642268] random: udevadm: uninitialized urandom read (16 bytes read, 10 bits of entropy available)
[    3.642449] random: udevadm: uninitialized urandom read (16 bytes read, 10 bits of entropy available)
[    3.642629] random: udevadm: uninitialized urandom read (16 bytes read, 10 bits of entropy available)
[    3.642830] random: udevadm: uninitialized urandom read (16 bytes read, 10 bits of entropy available)
[    3.953579] e1000: Intel(R) PRO/1000 Network Driver - version 7.3.21-k8-NAPI
[    3.956129] e1000: Copyright (c) 1999-2006 Intel Corporation.
[    4.007901] Fusion MPT base driver 3.04.20
[    4.019683] Copyright (c) 1999-2008 LSI Corporation
[    4.062811] Fusion MPT SPI Host driver 3.04.20
[    4.841616] SSE version of gcm_enc/dec engaged.
[    5.106070] input: ImExPS/2 Generic Explorer Mouse as /devices/platform/i8042/serio1/input/input4
[    5.159400] e1000 0000:00:03.0 eth0: (PCI:33MHz:32-bit) 02:be:82:6b:cc:1d
[    5.173267] e1000 0000:00:03.0 eth0: Intel(R) PRO/1000 Network Connection
[    5.191729] e1000 0000:00:03.0 enp0s3: renamed from eth0
[    5.205457] mptbase: ioc0: Initiating bringup
[    5.567041] ioc0: LSI53C1030 A0: Capabilities={Initiator}
[    6.081210] scsi host2: ioc0: LSI53C1030 A0, FwRev=00000000h, Ports=1, MaxQ=256, IRQ=20
[    6.250361] scsi 2:0:0:0: Direct-Access     VBOX     HARDDISK         1.0  PQ: 0 ANSI: 5
[    6.288610] scsi target2:0:0: Beginning Domain Validation
[    6.330559] scsi target2:0:0: Domain Validation skipping write tests
[    6.345915] scsi target2:0:0: Ending Domain Validation
[    6.355052] scsi target2:0:0: asynchronous
[    6.364729] scsi 2:0:1:0: Direct-Access     VBOX     HARDDISK         1.0  PQ: 0 ANSI: 5
[    6.376241] scsi target2:0:1: Beginning Domain Validation
[    6.395159] scsi target2:0:1: Domain Validation skipping write tests
[    6.405893] scsi target2:0:1: Ending Domain Validation
[    6.412636] scsi target2:0:1: asynchronous
[    6.475422] sd 2:0:0:0: [sda] 83886080 512-byte logical blocks: (42.9 GB/40.0 GiB)
[    6.486037] sd 2:0:0:0: Attached scsi generic sg0 type 0
[    6.487356] sd 2:0:0:0: [sda] Write Protect is off
[    6.487951] sd 2:0:0:0: [sda] Incomplete mode parameter data
[    6.487952] sd 2:0:0:0: [sda] Assuming drive cache: write through
[    6.523660] sd 2:0:1:0: [sdb] 20480 512-byte logical blocks: (10.5 MB/10.0 MiB)
[    6.525780]  sda: sda1
[    6.529068] sd 2:0:0:0: [sda] Attached SCSI disk
[    6.534851] sd 2:0:1:0: Attached scsi generic sg1 type 0
[    6.551503] sd 2:0:1:0: [sdb] Write Protect is off
[    6.558612] sd 2:0:1:0: [sdb] Incomplete mode parameter data
[    6.566400] sd 2:0:1:0: [sdb] Assuming drive cache: write through
[    6.652942] sd 2:0:1:0: [sdb] Attached SCSI disk
Begin: Loading essential drivers ... [    9.683442] md: linear personality registered for level -1
[    9.698489] md: multipath personality registered for level -4
[    9.715406] md: raid0 personality registered for level 0
[    9.749697] md: raid1 personality registered for level 1
[   10.655408] raid6: sse2x1   gen() 54341 MB/s
[   11.650125] raid6: sse2x1   xor() 43661 MB/s
[   13.645597] raid6: sse2x2   gen() 81528 MB/s
[   15.650053] raid6: sse2x2   xor() 60252 MB/s
[   16.649326] raid6: sse2x4   gen() 92144 MB/s
[   16.733454] raid6: sse2x4   xor()  2949 MB/s
[   16.745801] raid6: using algorithm sse2x4 gen() 92144 MB/s
[   16.759507] raid6: .... xor() 2949 MB/s, rmw enabled
[   16.770011] raid6: using ssse3x2 recovery algorithm
[   16.788461] xor: measuring software checksum speed
[   16.836396]    prefetch64-sse:  8917.000 MB/sec
[   16.884447]    generic_sse:  9278.000 MB/sec
[   16.894350] xor: using function: generic_sse (9278.000 MB/sec)
[   16.912534] async_tx: api initialized (async)
[   17.039176] md: raid6 personality registered for level 6
[   17.054845] md: raid5 personality registered for level 5
[   17.069036] md: raid4 personality registered for level 4
[   17.133948] md: raid10 personality registered for level 10
done.
Begin: Running /scripts/init-premount ... done.
Begin: Mounting root file system ... Begin: Running /scripts/local-top ... done.
Begin: Running /scripts/local-premount ... [   17.372684] Btrfs loaded
Scanning for Btrfs filesystems
done.
Warning: fsck not present, so skipping root file system
[   17.528638] EXT4-fs (sda1): mounted filesystem with ordered data mode. Opts: (null)
done.
[   17.549140] random: nonblocking pool is initialized
Begin: Running /scripts/local-bottom ... done.
Begin: Running /scripts/init-bottom ... done.
[   17.997265] systemd[1]: systemd 229 running in system mode. (+PAM +AUDIT +SELINUX +IMA +APPARMOR +SMACK +SYSVINIT +UTMP +LIBCRYPTSETUP +GCRYPT +GNUTLS +ACL +XZ -LZ4 +SECCOMP +BLKID +ELFUTILS +KMOD -IDN)
[   18.039177] systemd[1]: Detected virtualization oracle.
[   18.042845] systemd[1]: Detected architecture x86-64.

Welcome to [1mUbuntu 16.04.7 LTS[0m!

[   18.083933] systemd[1]: Set hostname to <ubuntu>.
[   18.108798] systemd[1]: Initializing machine ID from random generator.
[   18.126854] systemd[1]: Installed transient /etc/machine-id file.
[   18.746611] systemd[1]: Listening on Journal Audit Socket.
[[0;32m  OK  [0m] Listening on Journal Audit Socket.
[   18.769722] systemd[1]: Created slice System Slice.
[[0;32m  OK  [0m] Created slice System Slice.
[   18.790682] systemd[1]: Listening on udev Kernel Socket.
[[0;32m  OK  [0m] Listening on udev Kernel Socket.
[   18.810816] systemd[1]: Listening on LVM2 metadata daemon socket.
[[0;32m  OK  [0m] Listening on LVM2 metadata daemon socket.
[   18.833056] systemd[1]: Reached target User and Group Name Lookups.
[[0;32m  OK  [0m] Reached target User and Group Name Lookups.
[   18.854245] systemd[1]: Listening on LVM2 poll daemon socket.
[[0;32m  OK  [0m] Listening on LVM2 poll daemon socket.
[   18.876682] systemd[1]: Reached target Encrypted Volumes.
[[0;32m  OK  [0m] Reached target Encrypted Volumes.
[   18.895568] systemd[1]: Listening on udev Control Socket.
[[0;32m  OK  [0m] Listening on udev Control Socket.
[   18.917922] systemd[1]: Created slice User and Session Slice.
[[0;32m  OK  [0m] Created slice User and Session Slice.
[   18.940294] systemd[1]: Reached target Slices.
[[0;32m  OK  [0m] Reached target Slices.
[   18.958903] systemd[1]: Created slice system-serial\x2dgetty.slice.
[[0;32m  OK  [0m] Created slice system-serial\x2dgetty.slice.
[   18.984683] systemd[1]: Started Forward Password Requests to Wall Directory Watch.
[[0;32m  OK  [0m] Started Forward Password Requests to Wall Directory Watch.
[   19.012016] systemd[1]: Listening on fsck to fsckd communication Socket.
[[0;32m  OK  [0m] Listening on fsck to fsckd communication Socket.
[   19.035344] systemd[1]: Reached target System Time Synchronized.
[[0;32m  OK  [0m] Reached target System Time Synchronized.
[   19.061057] systemd[1]: Reached target Swap.
[[0;32m  OK  [0m] Reached target Swap.
[   19.078302] systemd[1]: Started Trigger resolvconf update for networkd DNS.
[[0;32m  OK  [0m] Started Trigger resolvconf update for networkd DNS.
[   19.106417] systemd[1]: Listening on Journal Socket.
[[0;32m  OK  [0m] Listening on Journal Socket.
[   19.136943] systemd[1]: Starting Nameserver information manager...
         Starting Nameserver information manager...
[   19.163815] systemd[1]: Mounting Huge Pages File System...
         Mounting Huge Pages File System...
[   19.264746] systemd[1]: Starting Load Kernel Modules...
         Starting Load Kernel Modules...
[   19.286524] systemd[1]: Mounting POSIX Message Queue File System...
         Mounting POSIX Message Queue File System...
[   19.311657] systemd[1]: Starting Set console keymap...
         Starting Set console keymap...
[   19.334184] systemd[1]: Starting File System Check on Root Device...
         Starting File System Check on Root Device...
[   19.369326] systemd[1]: Starting Create list of required static device nodes for the current kernel...
         Starting Create list of required st... nodes for the current kernel...
[   19.404554] systemd[1]: Starting Uncomplicated firewall...
         Starting Uncomplicated firewall...
[   19.425629] systemd[1]: Set up automount Arbitrary Executable File Formats File System Automount Point.
[[0;32m  OK  [0m] Set up automount Arbitrary Executab...ats File System Automount Point.
[   19.503389] systemd[1]: Listening on Device-mapper event daemon FIFOs.
[[0;32m  OK  [0m] Listening on Device-mapper event daemon FIFOs.
[   19.550071] Loading iSCSI transport class v2.0-870.
[   19.558422] systemd[1]: Starting Monitoring of LVM2 mirrors, snapshots etc. using dmeventd or progress polling...
         Starting Monitoring of LVM2 mirrors... dmeventd or progress polling...
[   19.600773] systemd[1]: Listening on /dev/initctl Compatibility Named Pipe.
[[0;32m  OK  [0m] Listening on /dev/initctl Compatibility Named Pipe.
[   19.637665] systemd[1]: Listening on Journal Socket (/dev/log).
[[0;32m  OK  [0m] Listening on Journal Socket (/dev/log).
[   19.680872] systemd[1]: Listening on Syslog Socket.
[[0;32m  OK  [0m] Listening on Syslog Socket.
[   19.729960] systemd[1]: Starting Journal Service...
[   19.747854] iscsi: registered transport (tcp)
         Starting Journal Service...
[   19.769128] systemd[1]: Mounting Debug File System...
         Mounting Debug File System...
[   19.794466] systemd[1]: Mounted Huge Pages File System.
[[0;32m  OK  [0m] Mounted Huge Pages File System.
[   19.816039] systemd[1]: Mounted POSIX Message Queue File System.
[[0;32m  OK  [0m] Mounted POSIX Message Queue File System.
[   19.839862] systemd[1]: Mounted Debug File System.
[[0;32m  OK  [0m] Mounted Debug File System.
[   19.879665] systemd[1]: Started Set console keymap.
[[0;32m  OK  [0m] Started Set console keymap.
[   19.901396] systemd[1]: Started Create list of required static device nodes for the current kernel.
[[0;32m  OK  [0m] Started Create list of required sta...ce nodes for the current kernel.
[   19.934741] systemd[1]: Started Uncomplicated firewall.
[[0;32m  OK  [0m] Started Uncomplicated firewall.
[   19.977041] systemd[1]: Started Nameserver information manager.
[[0;32m  OK  [0m] Started Nameserver information manager.
[   20.034964] systemd[1]: Started File System Check Daemon to report status.
[[0;32m  OK  [0m] Started File System Check Daemon to report status.
[   20.088498] systemd[1]: Starting Create Static Device Nodes in /dev...
         Starting Create Static Device Nodes in /dev...
[   20.111110] systemd[1]: Started File System Check on Root Device.
[[0;32m  OK  [0m] Started File System Check on Root Device.
[   20.141191] systemd[1]: Started LVM2 metadata daemon.
[[0;32m  OK  [0m] Started LVM2 metadata daemon.
[   20.167070] systemd[1]: Starting Remount Root and Kernel File Systems...
         Starting Remount Root and Kernel File Systems...
[   20.266270] EXT4-fs (sda1): re-mounted. Opts: (null)
[   20.288403] systemd[1]: Started Remount Root and Kernel File Systems.
[[0;32m  OK  [0m] Started Remount Root and Kernel File Systems.
[   20.374360] iscsi: registered transport (iser)
[   20.400981] systemd[1]: Starting udev Coldplug all Devices...
         Starting udev Coldplug all Devices...
[   20.432035] systemd[1]: Starting Load/Save Random Seed...
         Starting Load/Save Random Seed...
[   20.469328] systemd[1]: Started Journal Service.
[[0;32m  OK  [0m] Started Journal Service.
[[0;32m  OK  [0m] Started Load Kernel Modules.
[[0;32m  OK  [0m] Started Load/Save Random Seed.
         Mounting FUSE Control File System...
         Starting Apply Kernel Variables...
         Starting Flush Journal to Persistent Storage...
[[0;32m  OK  [0m] Mounted FUSE Control File System.
[[0;32m  OK  [0m] Started Monitoring of LVM2 mirrors,...ng dmeventd or progress polling.
[[0;32m  OK  [0m] Started udev Coldplug all Devices.
[   20.711189] systemd-journald[397]: Received request to flush runtime journal from PID 1
[[0;32m  OK  [0m] Started Create Static Device Nodes in /dev.
[[0;32m  OK  [0m] Started Apply Kernel Variables.
[[0;32m  OK  [0m] Started Flush Journal to Persistent Storage.
         Starting udev Kernel Device Manager...
[[0;32m  OK  [0m] Reached target Local File Systems (Pre).
[[0;32m  OK  [0m] Reached target Local File Systems.
         Starting Initial cloud-init job (pre-networking)...
         Starting Commit a transient machine-id on disk...
         Starting LSB: AppArmor initialization...
         Starting Tell Plymouth To Write Out Runtime Data...
         Starting Set console font and keymap...
         Starting Create Volatile Files and Directories...
[[0;32m  OK  [0m] Started Commit a transient machine-id on disk.
[[0;32m  OK  [0m] Started Tell Plymouth To Write Out Runtime Data.
[[0;32m  OK  [0m] Started udev Kernel Device Manager.
[[0;32m  OK  [0m] Started Create Volatile Files and Directories.
         Starting Update UTMP about System Boot/Shutdown...
[[0;32m  OK  [0m] Started Dispatch Password Requests to Console Directory Watch.
[[0;32m  OK  [0m] Started Update UTMP about System Boot/Shutdown.
[[0;32m  OK  [0m] Found device /dev/ttyS0.
[[0;32m  OK  [0m] Listening on Load/Save RF Kill Switch Status /dev/rfkill Watch.
[[0;32m  OK  [0m] Started LSB: AppArmor initialization.
         Starting Load AppArmor profiles managed internally by snapd...
[   26.679775] cloud-init[480]: Cloud-init v. 21.1-19-gbad84ad4-0ubuntu1~16.04.2 running 'init-local' at Mon, 15 May 2023 19:36:21 +0000. Up 25.17 seconds.[[0;32m  OK  [0m] Started Load AppArmor profiles managed internally by snapd.
[[0;32m  OK  [0m] Started Initial cloud-init job (pre-networking).
[[0;32m  OK  [0m] Reached target Network (Pre).
         Starting Raise network interfaces...

[[0;32m  OK  [0m] Started Set console font and keymap.
[[0;32m  OK  [0m] Created slice system-getty.slice.
[[0;32m  OK  [0m] Started Raise network interfaces.
         Starting Initial cloud-init job (metadata service crawler)...
[[0;32m  OK  [0m] Reached target Network.
[   31.804023] cloud-init[953]: Cloud-init v. 21.1-19-gbad84ad4-0ubuntu1~16.04.2 running 'init' at Mon, 15 May 2023 19:36:26 +0000. Up 30.43 seconds.
[   31.818354] cloud-init[953]: ci-info: ++++++++++++++++++++++++++++++++++++++Net device info++++++++++++++++++++++++++++++++++++++
[   31.832449] cloud-init[953]: ci-info: +--------+------+----------------------------+---------------+--------+-------------------+
[   31.843831] cloud-init[953]: ci-info: | Device |  Up  |          Address           |      Mask     | Scope  |     Hw-Address    |
[   31.856263] cloud-init[953]: ci-info: +--------+------+----------------------------+---------------+--------+-------------------+
[   31.868243] cloud-init[953]: ci-info: | enp0s3 | True |         10.0.2.15          | 255.255.255.0 | global | 02:be:82:6b:cc:1d |
[   31.880934] cloud-init[953]: ci-info: | enp0s3 | True | fe80::be:82ff:fe6b:cc1d/64 |       .       |  link  | 02:be:82:6b:cc:1d |
[   31.891638] cloud-init[953]: ci-info: |   lo   | True |         127.0.0.1          |   255.0.0.0   |  host  |         .         |
[   31.903463] cloud-init[953]: ci-info: |   lo   | True |          ::1/128           |       .       |  host  |         .         |
[   31.914744] cloud-init[953]: ci-info: +--------+------+----------------------------+---------------+--------+-------------------+
[   31.926092] cloud-init[953]: ci-info: +++++++++++++++++++++++++++Route IPv4 info++++++++++++++++++++++++++++
[   31.936543] cloud-init[953]: ci-info: +-------+-------------+----------+---------------+-----------+-------+
[   31.946989] cloud-init[953]: ci-info: | Route | Destination | Gateway  |    Genmask    | Interface | Flags |
[   31.957408] cloud-init[953]: ci-info: +-------+-------------+----------+---------------+-----------+-------+
[   31.967985] cloud-init[953]: ci-info: |   0   |   0.0.0.0   | 10.0.2.2 |    0.0.0.0    |   enp0s3  |   UG  |
[   31.979279] cloud-init[953]: ci-info: |   1   |   10.0.2.0  | 0.0.0.0  | 255.255.255.0 |   enp0s3  |   U   |
[   31.991760] cloud-init[953]: ci-info: +-------+-------------+----------+---------------+-----------+-------+
[   32.004168] cloud-init[953]: ci-info: +++++++++++++++++++Route IPv6 info+++++++++++++++++++
[   32.014723] cloud-init[953]: ci-info: +-------+-------------+---------+-----------+-------+
[   32.023636] cloud-init[953]: ci-info: | Route | Destination | Gateway | Interface | Flags |
[   32.034363] cloud-init[953]: ci-info: +-------+-------------+---------+-----------+-------+
[   32.044976] cloud-init[953]: ci-info: |   0   |  fe80::/64  |    ::   |   enp0s3  |   U   |
[   32.054966] cloud-init[953]: ci-info: |   3   |   ff00::/8  |    ::   |   enp0s3  |   U   |
[   32.064916] cloud-init[953]: ci-info: +-------+-------------+---------+-----------+-------+
[   32.075230] cloud-init[953]: Generating public/private rsa key pair.
[   32.084222] cloud-init[953]: Your identification has been saved in /etc/ssh/ssh_host_rsa_key.
[   32.095830] cloud-init[953]: Your public key has been saved in /etc/ssh/ssh_host_rsa_key.pub.
[   32.105447] cloud-init[953]: The key fingerprint is:
[   32.113762] cloud-init[953]: SHA256:ZpK8nT0mOrBQAVUj1a4Mtf48GmXIqoh9Po4261mFFAo root@ubuntu-xenial
[   32.123308] cloud-init[953]: The key's randomart image is:
[   32.132135] cloud-init[953]: +---[RSA 2048]----+
[   32.142280] cloud-init[953]: |E .o+o+.         |
[   32.150189] cloud-init[953]: | . ..o...        |
[[0;32m  OK  [0m] Started Initial cloud-init job (metadata service crawler).
[   32.163723] [[0;32m  OK  [0m] Reached target System Initialization.
         Starting Socket activation for snappy daemon.
[[0;32m  OK  [0m] Listening on ACPID Listen Socket.
[[0;32m  OK  [0m] Started Daily Cleanup of Temporary Directories.
[[0;32m  OK  [0m] Started Ubuntu Advantage update messaging.
[[0;32m  OK  [0m] Listening on UUID daemon activation socket.
[[0;32m  OK  [0m] Started Daily apt download activities.
[[0;32m  OK  [0m] Started Daily apt upgrade and clean activities.
cloud-init         Starting LXD - unix socket.
[[0;32m  OK  [0m] Started Message of the Day.
[[0;32m  OK  [0m] Reached target Timers.
[953]: [[0;32m  OK  [0m] Started ACPI Events Check.
[[0;32m  OK  [0m] Reached target Paths.
[[0;32m  OK  [0m] Listening on D-Bus System Message Bus Socket.
[[0;32m  OK  [0m] Reached target Network is Online.
|  . .o o         |
[   32.238290] cloud-init[953]: |   .o+.o.        |
[   32.254322] cloud-init         Starting iSCSI initiator daemon (iscsid)...
[[0;32m  OK  [0m] Reached target Cloud-config availability.
[[0;32m  OK  [0m] Listening on Socket activation for snappy daemon.
[[0;32m  OK  [0m] Listening on LXD - unix socket.
[[0;32m  OK  [0m] Reached target Sockets.
[[0;32m  OK  [0m] Reached target Basic System.
         Starting /etc/rc.local Compatibility...
         Starting Login Service...
         Starting Accounts Service...
[[0;32m  OK  [0m] Started FUSE filesystem for LXC.
         Starting LSB: MD monitoring daemon...
[953]: [[0;32m  OK  [0m] Started Regular background program processing daemon.
[[0;32m  OK  [0m] Started ACPI event daemon.
         Starting LXD - container startup/shutdown...
[[0;32m  OK  [0m] Started D-Bus System Message Bus.
|   ..+B.S        |
[   32.386965] cloud-init[953]: |  . .o+O o       |
[   32.425597] cloud-init[953]: |   .oooo+ +      |
[   32.466316] cloud-init[953]: |.oo=+ .o+o .     |
[   32.505245] cloud-init[953]: |ooB*o.oo .       |
[   32.537198] cloud-init[953]: +----[SHA256]-----+         Starting Pollinate to seed the pseudo random number generator...
         Starting System Logging Service...

         Starting Virtualbox guest utils...
         Starting Snap Daemon...
         Starting LSB: Record successful boot for GRUB...
[[0;32m  OK  [0m] Started Deferred execution scheduler.
[   32.609460] cloud-init[[0;32m  OK  [0m] Started /etc/rc.local Compatibility.
[953]: [[0;32m  OK  [0m] Started Login Service.
[[0;32m  OK  [0m] Started Unattended Upgrades Shutdown.
         Starting Authenticate and Authorize Users to Run Privileged Tasks...
Generating public/private dsa key pair.
[[0;32m  OK  [0m] Started System Logging Service.
[   32.767786] cloud-init[[0;32m  OK  [0m] Started iSCSI initiator daemon (iscsid).
         Starting Login to default iSCSI targets...
[953]: Your identification has been saved in /etc/ssh/ssh_host_dsa_key.[[0;32m  OK  [0m] Started Authenticate and Authorize Users to Run Privileged Tasks.

[   32.957252] [[0;32m  OK  [0m] Started LSB: Record successful boot for GRUB.
cloud-init[953]: Your public key has been saved in /etc/ssh/ssh_host_dsa_key.pub.[[0;32m  OK  [0m] Started Accounts Service.

[   33.047507] cloud-init[953]: The key fingerprint is:
[   33.083668] cloud-init[953]: SHA256:UQ/OIujJeneEJVzjfIOabwu9Hvi5jOExdzkCXN8Kdl4 root@ubuntu-xenial
[   33.122854] cloud-init[953]: The key's randomart image is:
[   33.123201] cloud-init[[0;32m  OK  [0m] Started LXD - container startup/shutdown.
[[0;32m  OK  [0m] Started LSB: MD monitoring daemon.
[953]: +---[DSA 1024]----+
[   33.187070] cloud-init[953]: |        o o      |[[0;32m  OK  [0m] Started Login to default iSCSI targets.
[[0;32m  OK  [0m] Reached target Remote File Systems (Pre).
[[0;32m  OK  [0m] Reached target Remote File Systems.

         Starting Permit User Sessions...
         Starting LSB: automatic crash report generation...
         Starting LSB: daemon to balance interrupts for SMP systems...
         Starting LSB: Set the CPU Frequency Scaling governor to "ondemand"...
[   33.238902] cloud-init[[0;32m  OK  [0m] Started Permit User Sessions.
[953]: |     o + * o     |
         Starting Terminate Plymouth Boot Screen...
         Starting Hold until boot process finishes up...
[[0;32m  OK  [0m] Started Hold until boot process finishes up.
[[0;32m  OK  [0m] Started Getty on tty1.
         Starting Set console scheme...
[[0;32m  OK  [0m] Started Serial Getty on ttyS0.
[[0;32m  OK  [0m] Reached target Login Prompts.
[[0;32m  OK  [0m] Started Set console scheme.
[   33.450619] cloud-init[[0;32m  OK  [0m] Started Terminate Plymouth Boot Screen.
[953]: |    . + O = .    |
[   33.566874] cloud-init[953]: |   o o O = o     |[[0;32m  OK  [0m] Started LSB: Set the CPU Frequency Scaling governor to "ondemand".

[   33.751115] cloud-init[953]: |    + * S o E    |
[   33.826546] [[0;32m  OK  [0m] Started LSB: daemon to balance interrupts for SMP systems.
[[0;32m  OK  [0m] Started LSB: automatic crash report generation.
cloud-init[953]: |   .   B + +     |
[   33.896107] cloud-init[953]: |  . . B O *      |
[   33.941443] cloud-init[953]: [[0;32m  OK  [0m] Started Virtualbox guest utils.
|   . o % B .     |
[   33.999279] cloud-init[953]: |      o.O.       |
[   34.085719] cloud-init[953]: +----[SHA256]-----+
[   34.146827] cloud-init[953]: Generating public/private ecdsa key pair.
[   34.200081] cloud-init[953]: Your identification has been saved in /etc/ssh/ssh_host_ecdsa_key.
[   34.244747] cloud-init[953]: Your public key has been saved in /etc/ssh/ssh_host_ecdsa_key.pub.
[   34.286805] cloud-init[953]: The key fingerprint is:
[   34.330210] cloud-init[953]: SHA256:N73I8rbdQkHolK+/07yZuBdjLXKvxXZ2l+yXJyf28jI root@ubuntu-xenial
[   34.370670] cloud-init[953]: The key's randomart image is:
[   34.403551] cloud-init[953]: +---[ECDSA 256]---+
[   34.439622] cloud-init[953]: |           o     |
[   34.485346] cloud-init[953]: |          + .    |
[   34.545776] cloud-init[953]: |         o o     |
[   34.585622] cloud-init[953]: |          ..o    |
[   34.633555] cloud-init[953]: |        S o... . |
[   34.667875] cloud-init[953]: |         o.oo.B.o|
[   34.701174] cloud-init[953]: |        . oo.* BX|
[   34.731175] cloud-init[953]: |         o..+oEBO|
[   34.757036] cloud-init[953]: |         .o.=B*&=|
[   34.789705] cloud-init[953]: [[0;32m  OK  [0m] Started Snap Daemon.
+----[SHA256]-----+
[   34.832859]          Starting Wait until snapd is fully seeded...
cloud-init[953]: Generating public/private ed25519 key pair.
[   34.885523] cloud-init[953]: Your identification has been saved in /etc/ssh/ssh_host_ed25519_key.
[   34.905482] cloud-init[953]: Your public key has been saved in /etc/ssh/ssh_host_ed25519_key.pub.
[   34.934054] cloud-init[953]: The key fingerprint is:
[   34.965503] cloud-init[953]: SHA256:HJvoHsvvMcfkmDTGtL821LlbHgXNpbltxq9i9RubRJs root@ubuntu-xenial
[   34.987465] cloud-init[953]: The key's randomart image is:
[   35.019869] cloud-init[953]: +--[ED25519 256]--+
[   35.029319] cloud-init[953]: |                .|
[   35.039607] cloud-init[953]: |               =.|
[   35.055234] cloud-init[953]: |        o     + o|
[   35.066702] cloud-init[953]: |       = =     = |
[   35.078475] cloud-init[953]: |      . S .. ...*|
[   35.089040] cloud-init[953]: |     . o O. o o++|
[   35.098710] cloud-init[953]: |      o =.=  ooE.|
[   35.122797] cloud-init[953]: |     o o +o.+o.o=|
[   35.134103] cloud-init[953]: |      +oo..o.oo+.|
[   35.145312] cloud-init[953]: +----[SHA256]-----+
[[0;32m  OK  [0m] Started Pollinate to seed the pseudo random number generator.
         Starting OpenBSD Secure Shell server...
[[0;32m  OK  [0m] Started OpenBSD Secure Shell server.
[[0;32m  OK  [0m] Created slice User Slice of vagrant.
         Starting User Manager for UID 1000...
[[0;32m  OK  [0m] Started Session 1 of user vagrant.
[[0;32m  OK  [0m] Started User Manager for UID 1000.

Ubuntu 16.04.7 LTS ubuntu-xenial ttyS0

ubuntu-xenial login: [   44.052669] cloud-init[1539]: Generating locales (this might take a while)...
[   46.395426] cloud-init[1539]:   en_US.UTF-8... done
[   46.397167] cloud-init[1539]: Generation complete.
[   47.485473] cloud-init[1539]: Cloud-init v. 21.1-19-gbad84ad4-0ubuntu1~16.04.2 running 'modules:config' at Mon, 15 May 2023 19:36:39 +0000. Up 43.75 seconds.
ci-info: no authorized SSH keys fingerprints found for user ubuntu.
<14>May 15 19:36:44 ec2: 
<14>May 15 19:36:44 ec2: #############################################################
<14>May 15 19:36:44 ec2: -----BEGIN SSH HOST KEY FINGERPRINTS-----
<14>May 15 19:36:44 ec2: 1024 SHA256:UQ/OIujJeneEJVzjfIOabwu9Hvi5jOExdzkCXN8Kdl4 root@ubuntu-xenial (DSA)
<14>May 15 19:36:44 ec2: 256 SHA256:N73I8rbdQkHolK+/07yZuBdjLXKvxXZ2l+yXJyf28jI root@ubuntu-xenial (ECDSA)
<14>May 15 19:36:44 ec2: 256 SHA256:HJvoHsvvMcfkmDTGtL821LlbHgXNpbltxq9i9RubRJs root@ubuntu-xenial (ED25519)
<14>May 15 19:36:44 ec2: 2048 SHA256:ZpK8nT0mOrBQAVUj1a4Mtf48GmXIqoh9Po4261mFFAo root@ubuntu-xenial (RSA)
<14>May 15 19:36:44 ec2: -----END SSH HOST KEY FINGERPRINTS-----
<14>May 15 19:36:44 ec2: #############################################################
-----BEGIN SSH HOST KEY KEYS-----
ecdsa-sha2-nistp256 AAAAE2VjZHNhLXNoYTItbmlzdHAyNTYAAAAIbmlzdHAyNTYAAABBBJAYTV2VUkCpfXfuUQOzJkzD6B/g7Pry6qnXDCa8pHGENwMnNG9x/F0mLM+0qhip7nsJDnQNoudhGFT+3ke2Kz0= root@ubuntu-xenial
ssh-ed25519 AAAAC3NzaC1lZDI1NTE5AAAAIIVc3lcBt4NXR2Re65ojGhKR8loUtlnkqo9wdfVbtLiu root@ubuntu-xenial
ssh-rsa AAAAB3NzaC1yc2EAAAADAQABAAABAQDEB+UjQNm7rMxumQVGQhRPWbBpjoEx6SyTx62Fl7MOKW+rIj0vzlycX/LdmonZsx4udv1h36YE89oikzQyKc7tPnV3NzmB26haSpGDCvhHk7pX1V7VgasfxTk6gkMcJWzxHy+IPgdU8swNTVkPxWfCfrPzbReBsTG3ejBodxG626lj1Dxy3YmHUJjcEnVdjIoyU26ckleV+dNlmSH64IYJ3241zaWBtc3/BkepKfS4XfVy/RoWoRJsPl9HCLC2R8TWNb50Po3msBJNghWJn519lecJBHngcDLoeeaA8X8I8YTr3WPExsvpQ1gYEMbsoDeh4qjZ2fK0hjl1X1nFkeL1 root@ubuntu-xenial
-----END SSH HOST KEY KEYS-----
[   48.599705] cloud-init[1723]: Cloud-init v. 21.1-19-gbad84ad4-0ubuntu1~16.04.2 running 'modules:final' at Mon, 15 May 2023 19:36:44 +0000. Up 48.21 seconds.
[   48.625050] cloud-init[1723]: ci-info: no authorized SSH keys fingerprints found for user ubuntu.
[   48.625232] cloud-init[1723]: Cloud-init v. 21.1-19-gbad84ad4-0ubuntu1~16.04.2 finished at Mon, 15 May 2023 19:36:44 +0000. Datasource DataSourceNoCloud [seed=/dev/sdb][dsmode=net].  Up 48.52 seconds
