[    0.000000] Initializing cgroup subsys cpuset
[    0.000000] Initializing cgroup subsys cpu
[    0.000000] Initializing cgroup subsys cpuacct
[    0.000000] Linux version 4.4.0-210-generic (buildd@lgw01-amd64-009) (gcc version 5.4.0 20160609 (Ubuntu 5.4.0-6ubuntu1~16.04.12) ) #242-Ubuntu SMP Fri Apr 16 09:57:56 UTC 2021 (Ubuntu 4.4.0-210.242-generic 4.4.262)
[    0.000000] Command line: BOOT_IMAGE=/boot/vmlinuz-4.4.0-210-generic root=LABEL=cloudimg-rootfs ro console=tty1 console=ttyS0
[    0.000000] KERNEL supported cpus:
[    0.000000]   Intel GenuineIntel
[    0.000000]   AMD AuthenticAMD
[    0.000000]   Centaur CentaurHauls
[    0.000000] x86/fpu: Legacy x87 FPU detected.
[    0.000000] e820: BIOS-provided physical RAM map:
[    0.000000] BIOS-e820: [mem 0x0000000000000000-0x000000000009fbff] usable
[    0.000000] BIOS-e820: [mem 0x000000000009fc00-0x000000000009ffff] reserved
[    0.000000] BIOS-e820: [mem 0x00000000000f0000-0x00000000000fffff] reserved
[    0.000000] BIOS-e820: [mem 0x0000000000100000-0x000000003ffeffff] usable
[    0.000000] BIOS-e820: [mem 0x000000003fff0000-0x000000003fffffff] ACPI data
[    0.000000] BIOS-e820: [mem 0x00000000fec00000-0x00000000fec00fff] reserved
[    0.000000] BIOS-e820: [mem 0x00000000fee00000-0x00000000fee00fff] reserved
[    0.000000] BIOS-e820: [mem 0x00000000fffc0000-0x00000000ffffffff] reserved
[    0.000000] NX (Execute Disable) protection: active
[    0.000000] SMBIOS 2.5 present.
[    0.000000] Hypervisor detected: KVM
[    0.000000] Kernel/User page tables isolation: disabled
[    0.000000] e820: last_pfn = 0x3fff0 max_arch_pfn = 0x400000000
[    0.000000] MTRR: Disabled
[    0.000000] x86/PAT: MTRRs disabled, skipping PAT initialization too.
[    0.000000] CPU MTRRs all blank - virtualized system.
[    0.000000] x86/PAT: Configuration [0-7]: WB  WT  UC- UC  WB  WT  UC- UC  
[    0.000000] found SMP MP-table at [mem 0x0009fff0-0x0009ffff] mapped at [ffff88000009fff0]
[    0.000000] Scanning 1 areas for low memory corruption
[    0.000000] RAMDISK: [mem 0x362dc000-0x37165fff]
[    0.000000] ACPI: Early table checksum verification disabled
[    0.000000] ACPI: RSDP 0x00000000000E0000 000024 (v02 VBOX  )
[    0.000000] ACPI: XSDT 0x000000003FFF0030 00003C (v01 VBOX   VBOXXSDT 00000001 ASL  00000061)
[    0.000000] ACPI: FACP 0x000000003FFF00F0 0000F4 (v04 VBOX   VBOXFACP 00000001 ASL  00000061)
[    0.000000] ACPI: DSDT 0x000000003FFF0610 002353 (v02 VBOX   VBOXBIOS 00000002 INTL 20100528)
[    0.000000] ACPI: FACS 0x000000003FFF0200 000040
[    0.000000] ACPI: FACS 0x000000003FFF0200 000040
[    0.000000] ACPI: APIC 0x000000003FFF0240 00005C (v02 VBOX   VBOXAPIC 00000001 ASL  00000061)
[    0.000000] ACPI: SSDT 0x000000003FFF02A0 00036C (v01 VBOX   VBOXCPUT 00000002 INTL 20100528)
[    0.000000] No NUMA configuration found
[    0.000000] Faking a node at [mem 0x0000000000000000-0x000000003ffeffff]
[    0.000000] NODE_DATA(0) allocated [mem 0x3ffeb000-0x3ffeffff]
[    0.000000] kvm-clock: Using msrs 4b564d01 and 4b564d00
[    0.000000] kvm-clock: cpu 0, msr 0:3ffe3001, primary cpu clock
[    0.000000] kvm-clock: using sched offset of 3482522865 cycles
[    0.000000] clocksource: kvm-clock: mask: 0xffffffffffffffff max_cycles: 0x1cd42e4dffb, max_idle_ns: 881590591483 ns
[    0.000000] Zone ranges:
[    0.000000]   DMA      [mem 0x0000000000001000-0x0000000000ffffff]
[    0.000000]   DMA32    [mem 0x0000000001000000-0x000000003ffeffff]
[    0.000000]   Normal   empty
[    0.000000]   Device   empty
[    0.000000] Movable zone start for each node
[    0.000000] Early memory node ranges
[    0.000000]   node   0: [mem 0x0000000000001000-0x000000000009efff]
[    0.000000]   node   0: [mem 0x0000000000100000-0x000000003ffeffff]
[    0.000000] Initmem setup node 0 [mem 0x0000000000001000-0x000000003ffeffff]
[    0.000000] ACPI: PM-Timer IO Port: 0x4008
[    0.000000] IOAPIC[0]: apic_id 2, version 32, address 0xfec00000, GSI 0-23
[    0.000000] ACPI: INT_SRC_OVR (bus 0 bus_irq 0 global_irq 2 dfl dfl)
[    0.000000] ACPI: INT_SRC_OVR (bus 0 bus_irq 9 global_irq 9 low level)
[    0.000000] Using ACPI (MADT) for SMP configuration information
[    0.000000] smpboot: Allowing 2 CPUs, 0 hotplug CPUs
[    0.000000] PM: Registered nosave memory: [mem 0x00000000-0x00000fff]
[    0.000000] PM: Registered nosave memory: [mem 0x0009f000-0x0009ffff]
[    0.000000] PM: Registered nosave memory: [mem 0x000a0000-0x000effff]
[    0.000000] PM: Registered nosave memory: [mem 0x000f0000-0x000fffff]
[    0.000000] e820: [mem 0x40000000-0xfebfffff] available for PCI devices
[    0.000000] Booting paravirtualized kernel on KVM
[    0.000000] clocksource: refined-jiffies: mask: 0xffffffff max_cycles: 0xffffffff, max_idle_ns: 7645519600211568 ns
[    0.000000] setup_percpu: NR_CPUS:512 nr_cpumask_bits:512 nr_cpu_ids:2 nr_node_ids:1
[    0.000000] PERCPU: Embedded 33 pages/cpu @ffff88003fc00000 s95192 r8192 d31784 u1048576
[    0.000000] Built 1 zonelists in Node order, mobility grouping on.  Total pages: 257912
[    0.000000] Policy zone: DMA32
[    0.000000] Kernel command line: BOOT_IMAGE=/boot/vmlinuz-4.4.0-210-generic root=LABEL=cloudimg-rootfs ro console=tty1 console=ttyS0
[    0.000000] PID hash table entries: 4096 (order: 3, 32768 bytes)
[    0.000000] Memory: 997792K/1048120K available (8644K kernel code, 1332K rwdata, 4044K rodata, 1492K init, 1164K bss, 50328K reserved, 0K cma-reserved)
[    0.000000] SLUB: HWalign=64, Order=0-3, MinObjects=0, CPUs=2, Nodes=1
[    0.000000] Hierarchical RCU implementation.
[    0.000000] 	Build-time adjustment of leaf fanout to 64.
[    0.000000] 	RCU restricting CPUs from NR_CPUS=512 to nr_cpu_ids=2.
[    0.000000] RCU: Adjusting geometry for rcu_fanout_leaf=64, nr_cpu_ids=2
[    0.000000] NR_IRQS:33024 nr_irqs:440 16
[    0.000000] Console: colour VGA+ 80x25
[    0.000000] console [tty1] enabled
[    0.000000] console [ttyS0] enabled
[    0.000000] tsc: Detected 2304.006 MHz processor
[    0.400384] Calibrating delay loop (skipped) preset value.. 4608.01 BogoMIPS (lpj=9216024)
[    0.405781] pid_max: default: 32768 minimum: 301
[    0.408770] ACPI: Core revision 20150930
[    0.412242] ACPI: 2 ACPI AML tables successfully acquired and loaded
[    0.416873] Security Framework initialized
[    0.419540] Yama: becoming mindful.
[    0.422017] AppArmor: AppArmor initialized
[    0.424799] Dentry cache hash table entries: 131072 (order: 8, 1048576 bytes)
[    0.431526] Inode-cache hash table entries: 65536 (order: 7, 524288 bytes)
[    0.437270] Mount-cache hash table entries: 2048 (order: 2, 16384 bytes)
[    0.441589] Mountpoint-cache hash table entries: 2048 (order: 2, 16384 bytes)
[    0.448103] Initializing cgroup subsys io
[    0.451935] Initializing cgroup subsys memory
[    0.454913] Initializing cgroup subsys devices
[    0.458028] Initializing cgroup subsys freezer
[    0.461019] Initializing cgroup subsys net_cls
[    0.463995] Initializing cgroup subsys perf_event
[    0.467121] Initializing cgroup subsys net_prio
[    0.470236] Initializing cgroup subsys hugetlb
[    0.473230] Initializing cgroup subsys pids
[    0.478660] mce: CPU supports 0 MCE banks
[    0.481540] Last level iTLB entries: 4KB 64, 2MB 8, 4MB 8
[    0.485065] Last level dTLB entries: 4KB 64, 2MB 0, 4MB 0, 1GB 4
[    0.489430] Spectre V1 : Mitigation: usercopy/swapgs barriers and __user pointer sanitization
[    0.494798] Spectre V2 : Mitigation: Enhanced IBRS
[    0.499161] Spectre V2 : Spectre v2 / SpectreRSB mitigation: Filling RSB on context switch
[    0.504945] Speculative Store Bypass: Vulnerable
[    0.508016] SRBDS: Mitigation: TSX disabled
[    0.551688] Freeing SMP alternatives memory: 36K
[    0.640760] ftrace: allocating 32380 entries in 127 pages
[    1.232676] smpboot: APIC(0) Converting physical 0 to logical package 0
[    1.238886] smpboot: Max logical packages: 1
[    1.251680] ..TIMER: vector=0x30 apic1=0 pin1=2 apic2=-1 pin2=-1
[    1.363929] smpboot: CPU0: Intel(R) Core(TM) i7-10510U CPU @ 1.80GHz (family: 0x6, model: 0x8e, stepping: 0xc)
[    1.371165] Performance Events: unsupported p6 CPU model 142 no PMU driver, software events only.
[    1.465748] KVM setup paravirtual spinlock
[    1.470517] x86: Booting SMP configuration:
[    1.473768] .... node  #0, CPUs:      #1
[    1.477456] kvm-clock: cpu 1, msr 0:3ffe3041, secondary cpu clock
[    1.482616] mce: CPU supports 0 MCE banks
[    1.486764] TSC synchronization [CPU#0 -> CPU#1]:
[    1.489719] Measured 51785 cycles TSC warp between CPUs, turning off TSC clock.
[    1.494085] tsc: Marking TSC unstable due to check_tsc_sync_source failed
[    0.482912] x86: Booted up 1 node, 2 CPUs
[    0.484002] smpboot: Total of 2 processors activated (9216.02 BogoMIPS)
[    0.492421] devtmpfs: initialized
[    0.497215] evm: security.selinux
[    0.499328] evm: security.SMACK64
[    0.500004] evm: security.SMACK64EXEC
[    0.502295] evm: security.SMACK64TRANSMUTE
[    0.504002] evm: security.SMACK64MMAP
[    0.506285] evm: security.ima
[    0.508002] evm: security.capability
[    0.512177] clocksource: jiffies: mask: 0xffffffff max_cycles: 0xffffffff, max_idle_ns: 7645041785100000 ns
[    0.516008] futex hash table entries: 512 (order: 3, 32768 bytes)
[    0.520245] pinctrl core: initialized pinctrl subsystem
[    0.524265] RTC time: 12:32:50, date: 05/16/23
[    0.528822] NET: Registered protocol family 16
[    0.544004] cpuidle: using governor ladder
[    0.556012] cpuidle: using governor menu
[    0.560000] PCCT header not found.
[    0.560159] ACPI: bus type PCI registered
[    0.564003] acpiphp: ACPI Hot Plug PCI Controller Driver version: 0.5
[    0.568324] PCI: Using configuration type 1 for base access
[    0.588351] ACPI: Added _OSI(Module Device)
[    0.592003] ACPI: Added _OSI(Processor Device)
[    0.594732] ACPI: Added _OSI(3.0 _SCP Extensions)
[    0.596002] ACPI: Added _OSI(Processor Aggregator Device)
[    0.600287] ACPI: Executed 1 blocks of module-level executable AML code
[    0.606506] ACPI: Interpreter enabled
[    0.608008] ACPI: (supports S0 S5)
[    0.610179] ACPI: Using IOAPIC for interrupt routing
[    0.612245] PCI: Using host bridge windows from ACPI; if necessary, use "pci=nocrs" and report a bug
[    0.623572] ACPI: PCI Root Bridge [PCI0] (domain 0000 [bus 00-ff])
[    0.624010] acpi PNP0A03:00: _OSC: OS supports [ASPM ClockPM Segments MSI]
[    0.628485] acpi PNP0A03:00: _OSC: not requesting OS control; OS requires [ExtendedConfig ASPM ClockPM MSI]
[    0.632007] acpi PNP0A03:00: fail to add MMCONFIG information, can't access extended PCI configuration space under this bridge.
[    0.636544] PCI host bridge to bus 0000:00
[    0.640003] pci_bus 0000:00: root bus resource [io  0x0000-0x0cf7 window]
[    0.644000] pci_bus 0000:00: root bus resource [io  0x0d00-0xffff window]
[    0.644002] pci_bus 0000:00: root bus resource [mem 0x000a0000-0x000bffff window]
[    0.648002] pci_bus 0000:00: root bus resource [mem 0x40000000-0xfdffffff window]
[    0.652003] pci_bus 0000:00: root bus resource [bus 00-ff]
[    0.661347] pci 0000:00:01.1: legacy IDE quirk: reg 0x10: [io  0x01f0-0x01f7]
[    0.664002] pci 0000:00:01.1: legacy IDE quirk: reg 0x14: [io  0x03f6]
[    0.667869] pci 0000:00:01.1: legacy IDE quirk: reg 0x18: [io  0x0170-0x0177]
[    0.668002] pci 0000:00:01.1: legacy IDE quirk: reg 0x1c: [io  0x0376]
[    0.688000] pci 0000:00:07.0: quirk: [io  0x4000-0x403f] claimed by PIIX4 ACPI
[    0.688027] pci 0000:00:07.0: quirk: [io  0x4100-0x410f] claimed by PIIX4 SMB
[    0.696136] ACPI: PCI Interrupt Link [LNKA] (IRQs 5 9 10 *11)
[    0.704349] ACPI: PCI Interrupt Link [LNKB] (IRQs 5 9 *10 11)
[    0.712802] ACPI: PCI Interrupt Link [LNKC] (IRQs 5 *9 10 11)
[    0.717875] ACPI: PCI Interrupt Link [LNKD] (IRQs 5 9 10 *11)
[    0.722231] ACPI: Enabled 2 GPEs in block 00 to 07
[    0.724174] vgaarb: setting as boot device: PCI:0000:00:02.0
[    0.727968] vgaarb: device added: PCI:0000:00:02.0,decodes=io+mem,owns=io+mem,locks=none
[    0.728003] vgaarb: loaded
[    0.732002] vgaarb: bridge control possible 0000:00:02.0
[    0.736204] SCSI subsystem initialized
[    0.738708] ACPI: bus type USB registered
[    0.740028] usbcore: registered new interface driver usbfs
[    0.744020] usbcore: registered new interface driver hub
[    0.748007] usbcore: registered new device driver usb
[    0.752348] PCI: Using ACPI for IRQ routing
[    0.756562] NetLabel: Initializing
[    0.758718] NetLabel:  domain hash size = 128
[    0.760001] NetLabel:  protocols = UNLABELED CIPSOv4
[    0.764011] NetLabel:  unlabeled traffic allowed by default
[    0.768093] amd_nb: Cannot enumerate AMD northbridges
[    0.772230] clocksource: Switched to clocksource kvm-clock
[    0.787679] AppArmor: AppArmor Filesystem Enabled
[    0.787679] pnp: PnP ACPI init
[    0.787679] pnp: PnP ACPI: found 3 devices
[    0.838944] clocksource: acpi_pm: mask: 0xffffff max_cycles: 0xffffff, max_idle_ns: 2085701024 ns
[    0.840451] NET: Registered protocol family 2
[    0.848890] TCP established hash table entries: 8192 (order: 4, 65536 bytes)
[    0.853797] TCP bind hash table entries: 8192 (order: 5, 131072 bytes)
[    0.857617] TCP: Hash tables configured (established 8192 bind 8192)
[    0.857617] UDP hash table entries: 512 (order: 2, 16384 bytes)
[    0.857617] UDP-Lite hash table entries: 512 (order: 2, 16384 bytes)
[    0.857617] NET: Registered protocol family 1
[    0.857617] pci 0000:00:00.0: Limiting direct PCI/PCI transfers
[    0.857617] pci 0000:00:01.0: Activating ISA DMA hang workarounds
[    0.857617] Unpacking initramfs...
[    0.857617] Freeing initrd memory: 14888K
[    0.857617] clocksource: tsc: mask: 0xffffffffffffffff max_cycles: 0x2135fd711f6, max_idle_ns: 440795262176 ns
[    0.857617] platform rtc_cmos: registered platform RTC device (no PNP device found)
[    0.857617] Scanning for low memory corruption every 60 seconds
[    1.175292] audit: initializing netlink subsys (disabled)
[    1.179436] audit: type=2000 audit(1684240374.322:1): initialized
[    1.183464] Initialise system trusted keyring
[    1.187195] HugeTLB registered 2 MB page size, pre-allocated 0 pages
[    1.192962] zbud: loaded
[    1.195939] VFS: Disk quotas dquot_6.6.0
[    1.198555] VFS: Dquot-cache hash table entries: 512 (order 0, 4096 bytes)
[    1.202909] squashfs: version 4.0 (2009/01/31) Phillip Lougher
[    1.207615] fuse init (API version 7.23)
[    1.210810] Key type big_key registered
[    1.213450] Allocating IMA MOK and blacklist keyrings.
[    1.229997] Key type asymmetric registered
[    1.233219] Asymmetric key parser 'x509' registered
[    1.236208] Block layer SCSI generic (bsg) driver version 0.4 loaded (major 249)
[    1.241343] io scheduler noop registered
[    1.243815] io scheduler deadline registered (default)
[    1.247189] io scheduler cfq registered
[    1.249941] pci_hotplug: PCI Hot Plug PCI Core version: 0.5
[    1.253437] pciehp: PCI Express Hot Plug Controller Driver version: 0.4
[    1.257845] ACPI: AC Adapter [AC] (on-line)
[    1.260624] input: Power Button as /devices/LNXSYSTM:00/LNXPWRBN:00/input/input0
[    1.265282] ACPI: Power Button [PWRF]
[    1.267659] input: Sleep Button as /devices/LNXSYSTM:00/LNXSLPBN:00/input/input1
[    1.272412] ACPI: Sleep Button [SLPF]
[    1.275313] GHES: HEST is not enabled!
[    1.276511] ACPI: Battery Slot [BAT0] (battery present)
[    1.281650] Serial: 8250/16550 driver, 32 ports, IRQ sharing enabled
[    1.309612] 00:02: ttyS0 at I/O 0x3f8 (irq = 4, base_baud = 115200) is a 16550A
[    1.329525] Linux agpgart interface v0.103
[    1.343303] loop: module loaded
[    1.348069] scsi host0: ata_piix
[    1.351511] scsi host1: ata_piix
[    1.354161] ata1: PATA max UDMA/33 cmd 0x1f0 ctl 0x3f6 bmdma 0xd000 irq 14
[    1.358454] ata2: PATA max UDMA/33 cmd 0x170 ctl 0x376 bmdma 0xd008 irq 15
[    1.362787] libphy: Fixed MDIO Bus: probed
[    1.365658] tun: Universal TUN/TAP device driver, 1.6
[    1.369016] tun: (C) 1999-2004 Max Krasnyansky <maxk@qualcomm.com>
[    1.373187] PPP generic driver version 2.4.2
[    1.376186] ehci_hcd: USB 2.0 'Enhanced' Host Controller (EHCI) Driver
[    1.380075] ehci-pci: EHCI PCI platform driver
[    1.382997] ehci-platform: EHCI generic platform driver
[    1.386307] ohci_hcd: USB 1.1 'Open' Host Controller (OHCI) Driver
[    1.390139] ohci-pci: OHCI PCI platform driver
[    1.392976] ohci-platform: OHCI generic platform driver
[    1.396247] uhci_hcd: USB Universal Host Controller Interface driver
[    1.400215] i8042: PNP: PS/2 Controller [PNP0303:PS2K,PNP0f03:PS2M] at 0x60,0x64 irq 1,12
[    1.407831] serio: i8042 KBD port at 0x60,0x64 irq 1
[    1.410952] serio: i8042 AUX port at 0x60,0x64 irq 12
[    1.414985] mousedev: PS/2 mouse device common for all mice
[    1.421770] input: AT Translated Set 2 keyboard as /devices/platform/i8042/serio0/input/input2
[    1.427411] rtc_cmos rtc_cmos: rtc core: registered rtc_cmos as rtc0
[    1.432150] rtc_cmos rtc_cmos: alarms up to one day, 114 bytes nvram
[    1.436081] i2c /dev entries driver
[    1.438348] device-mapper: uevent: version 1.0.3
[    1.441580] device-mapper: ioctl: 4.34.0-ioctl (2015-10-28) initialised: dm-devel@redhat.com
[    1.447057] ledtrig-cpu: registered to indicate activity on CPUs
[    1.452440] NET: Registered protocol family 10
[    1.455555] NET: Registered protocol family 17
[    1.458406] Key type dns_resolver registered
[    1.462921] registered taskstats version 1
[    1.465742] Loading compiled-in X.509 certificates
[    1.469138] Loaded X.509 cert 'Build time autogenerated kernel key: cf00e047681d67edb2720680708b7d9498083038'
[    1.475077] zswap: loaded using pool lzo/zbud
[    1.481944] Key type trusted registered
[    1.491230] Key type encrypted registered
[    1.494419] AppArmor: AppArmor sha1 policy hashing enabled
[    1.498120] ima: No TPM chip found, activating TPM-bypass!
[    1.501988] ima: Allocated hash algorithm: sha1
[    1.505062] evm: HMAC attrs: 0x1
[    1.508344]   Magic number: 7:944:531
[    1.510639] tty ttyS11: hash matches
[    1.513483] rtc_cmos rtc_cmos: setting system clock to 2023-05-16 12:32:51 UTC (1684240371)
[    1.538541] BIOS EDD facility v0.16 2004-Jun-25, 0 devices found
[    1.542837] EDD information not available.
[    1.561899] Freeing unused kernel memory: 1492K
[    1.580815] Write protecting the kernel read-only data: 14336k
[    1.587264] Freeing unused kernel memory: 1584K
[    1.591266] Freeing unused kernel memory: 52K
Loading, please wait...
starting version 229
[    1.619636] random: systemd-udevd: uninitialized urandom read (16 bytes read, 9 bits of entropy available)
[    1.620692] random: udevadm: uninitialized urandom read (16 bytes read, 9 bits of entropy available)
[    1.620718] random: udevadm: uninitialized urandom read (16 bytes read, 9 bits of entropy available)
[    1.629013] random: udevadm: uninitialized urandom read (16 bytes read, 9 bits of entropy available)
[    1.629039] random: udevadm: uninitialized urandom read (16 bytes read, 9 bits of entropy available)
[    1.629157] random: udevadm: uninitialized urandom read (16 bytes read, 9 bits of entropy available)
[    1.629186] random: udevadm: uninitialized urandom read (16 bytes read, 9 bits of entropy available)
[    1.629251] random: udevadm: uninitialized urandom read (16 bytes read, 9 bits of entropy available)
[    1.629282] random: udevadm: uninitialized urandom read (16 bytes read, 9 bits of entropy available)
[    1.629333] random: udevadm: uninitialized urandom read (16 bytes read, 9 bits of entropy available)
[    1.708726] e1000: Intel(R) PRO/1000 Network Driver - version 7.3.21-k8-NAPI
[    1.715942] e1000: Copyright (c) 1999-2006 Intel Corporation.
[    1.753694] SSE version of gcm_enc/dec engaged.
[    1.771536] Fusion MPT base driver 3.04.20
[    1.777281] Copyright (c) 1999-2008 LSI Corporation
[    1.789594] Fusion MPT SPI Host driver 3.04.20
[    1.992005] input: ImExPS/2 Generic Explorer Mouse as /devices/platform/i8042/serio1/input/input4
[    2.322718] e1000 0000:00:03.0 eth0: (PCI:33MHz:32-bit) 02:be:82:6b:cc:1d
[    2.327773] e1000 0000:00:03.0 eth0: Intel(R) PRO/1000 Network Connection
[    2.333981] mptbase: ioc0: Initiating bringup
[    2.338710] e1000 0000:00:03.0 enp0s3: renamed from eth0
[    2.482244] ioc0: LSI53C1030 A0: Capabilities={Initiator}
[    3.744830] scsi host2: ioc0: LSI53C1030 A0, FwRev=00000000h, Ports=1, MaxQ=256, IRQ=20
[    4.323089] scsi 2:0:0:0: Direct-Access     VBOX     HARDDISK         1.0  PQ: 0 ANSI: 5
[    4.332912] scsi target2:0:0: Beginning Domain Validation
[    4.348464] scsi target2:0:0: Domain Validation skipping write tests
[    4.354040] scsi target2:0:0: Ending Domain Validation
[    4.358383] scsi target2:0:0: asynchronous
[    4.365088] scsi 2:0:1:0: Direct-Access     VBOX     HARDDISK         1.0  PQ: 0 ANSI: 5
[    4.369041] scsi target2:0:1: Beginning Domain Validation
[    4.384739] scsi target2:0:1: Domain Validation skipping write tests
[    4.390002] scsi target2:0:1: Ending Domain Validation
[    4.394369] scsi target2:0:1: asynchronous
[    4.421296] sd 2:0:0:0: Attached scsi generic sg0 type 0
[    4.425842] sd 2:0:0:0: [sda] 83886080 512-byte logical blocks: (42.9 GB/40.0 GiB)
[    4.431341] sd 2:0:1:0: Attached scsi generic sg1 type 0
[    4.431494] sd 2:0:1:0: [sdb] 20480 512-byte logical blocks: (10.5 MB/10.0 MiB)
[    4.432448] sd 2:0:1:0: [sdb] Write Protect is off
[    4.432931] sd 2:0:1:0: [sdb] Incomplete mode parameter data
[    4.432932] sd 2:0:1:0: [sdb] Assuming drive cache: write through
[    4.440834] sd 2:0:0:0: [sda] Write Protect is off
[    4.441150] sd 2:0:0:0: [sda] Incomplete mode parameter data
[    4.441151] sd 2:0:0:0: [sda] Assuming drive cache: write through
[    4.444560] sd 2:0:1:0: [sdb] Attached SCSI disk
[    4.445130]  sda: sda1
[    4.447321] sd 2:0:0:0: [sda] Attached SCSI disk
Begin: Loading essential drivers ... [    6.085866] md: linear personality registered for level -1
[    6.093480] md: multipath personality registered for level -4
[    6.100742] md: raid0 personality registered for level 0
[    6.117507] md: raid1 personality registered for level 1
[    6.484238] raid6: sse2x1   gen() 71009 MB/s
[    8.497203] raid6: sse2x1   xor() 138605 MB/s
[    9.484216] raid6: sse2x2   gen() 275224 MB/s
[   11.482420] raid6: sse2x2   xor() 187457 MB/s
[   11.556567] raid6: sse2x4   gen() 18093 MB/s
[   11.630182] raid6: sse2x4   xor() 10171 MB/s
[   11.634483] raid6: using algorithm sse2x2 gen() 275224 MB/s
[   11.638438] raid6: .... xor() 187457 MB/s, rmw enabled
[   11.641955] raid6: using ssse3x2 recovery algorithm
[   11.647528] xor: measuring software checksum speed
[   11.688820]    prefetch64-sse: 29310.000 MB/sec
[   11.728709]    generic_sse: 22896.000 MB/sec
[   11.732063] xor: using function: prefetch64-sse (29310.000 MB/sec)
[   11.738119] async_tx: api initialized (async)
[   11.773275] md: raid6 personality registered for level 6
[   11.777468] md: raid5 personality registered for level 5
[   11.781374] md: raid4 personality registered for level 4
[   11.800270] md: raid10 personality registered for level 10
done.
Begin: Running /scripts/init-premount ... done.
Begin: Mounting root file system ... Begin: Running /scripts/local-top ... done.
Begin: Running /scripts/local-premount ... [   11.875137] Btrfs loaded
Scanning for Btrfs filesystems
done.
Warning: fsck not present, so skipping root file system
[   11.935254] EXT4-fs (sda1): mounted filesystem with ordered data mode. Opts: (null)
done.
Begin: Running /scripts/local-bottom ... done.
Begin: Running /scripts/init-bottom ... done.
[   12.089836] systemd[1]: systemd 229 running in system mode. (+PAM +AUDIT +SELINUX +IMA +APPARMOR +SMACK +SYSVINIT +UTMP +LIBCRYPTSETUP +GCRYPT +GNUTLS +ACL +XZ -LZ4 +SECCOMP +BLKID +ELFUTILS +KMOD -IDN)
[   12.101605] systemd[1]: Detected virtualization oracle.
[   12.105178] systemd[1]: Detected architecture x86-64.

Welcome to [1mUbuntu 16.04.7 LTS[0m!

[   12.116170] systemd[1]: Set hostname to <ubuntu>.
[   12.123875] systemd[1]: Initializing machine ID from random generator.
[   12.128260] systemd[1]: Installed transient /etc/machine-id file.
[   12.306815] systemd[1]: Listening on udev Kernel Socket.
[[0;32m  OK  [0m] Listening on udev Kernel Socket.
[   12.315101] systemd[1]: Started Trigger resolvconf update for networkd DNS.
[[0;32m  OK  [0m] Started Trigger resolvconf update for networkd DNS.
[   12.324307] systemd[1]: Reached target Encrypted Volumes.
[[0;32m  OK  [0m] Reached target Encrypted Volumes.
[   12.331670] systemd[1]: Reached target System Time Synchronized.
[[0;32m  OK  [0m] Reached target System Time Synchronized.
[   12.341257] systemd[1]: Listening on Syslog Socket.
[[0;32m  OK  [0m] Listening on Syslog Socket.
[   12.348578] systemd[1]: Listening on Device-mapper event daemon FIFOs.
[[0;32m  OK  [0m] Listening on Device-mapper event daemon FIFOs.
[   12.357547] systemd[1]: Reached target User and Group Name Lookups.
[[0;32m  OK  [0m] Reached target User and Group Name Lookups.
[   12.365346] systemd[1]: Listening on LVM2 metadata daemon socket.
[[0;32m  OK  [0m] Listening on LVM2 metadata daemon socket.
[   12.372517] systemd[1]: Listening on Journal Socket.
[[0;32m  OK  [0m] Listening on Journal Socket.
[   12.379265] systemd[1]: Listening on udev Control Socket.
[[0;32m  OK  [0m] Listening on udev Control Socket.
[   12.385983] systemd[1]: Created slice System Slice.
[[0;32m  OK  [0m] Created slice System Slice.
[   12.408958] systemd[1]: Mounting POSIX Message Queue File System...
         Mounting POSIX Message Queue File System...
[   12.425542] systemd[1]: Starting Monitoring of LVM2 mirrors, snapshots etc. using dmeventd or progress polling...
         Starting Monitoring of LVM2 mirrors... dmeventd or progress polling...
[   12.441509] systemd[1]: Mounting Huge Pages File System...
         Mounting Huge Pages File System...
[   12.450114] systemd[1]: Starting Uncomplicated firewall...
         Starting Uncomplicated firewall...
[   12.463356] systemd[1]: Starting Set console keymap...
         Starting Set console keymap...
[   12.492559] systemd[1]: Starting Load Kernel Modules...
         Starting Load Kernel Modules...
[   12.501631] random: nonblocking pool is initialized
[   12.509473] systemd[1]: Started Forward Password Requests to Wall Directory Watch.
[[0;32m  OK  [0m] Started Forward Password Requests to Wall Directory Watch.
[   12.525231] Loading iSCSI transport class v2.0-870.
[   12.527496] systemd[1]: Listening on Journal Audit Socket.
[[0;32m  OK  [0m] Listening on Journal Audit Socket.
[   12.537395] systemd[1]: Created slice system-serial\x2dgetty.slice.
[[0;32m  OK  [0m] Created slice system-serial\x2dgetty.slice.[   12.546689] iscsi: registered transport (tcp)

[   12.549139] systemd[1]: Listening on LVM2 poll daemon socket.
[[0;32m  OK  [0m] Listening on LVM2 poll daemon socket.
[   12.558983] systemd[1]: Reached target Swap.
[[0;32m  OK  [0m] Reached target Swap.
[   12.566112] systemd[1]: Listening on /dev/initctl Compatibility Named Pipe.
[[0;32m  OK  [0m] Listening on /dev/initctl Compatibility Named Pipe.
[   12.592602] systemd[1]: Starting Nameserver information manager...
         Starting Nameserver information manager...
[   12.603492] systemd[1]: Listening on fsck to fsckd communication Socket.
[[0;32m  OK  [0m] Listening on fsck to fsckd communication Socket.
[   12.617762] systemd[1]: Starting File System Check on Root Device...
         Starting File System Check on Root Device...
[   12.626359] systemd[1]: Mounting Debug File System...
         Mounting Debug File System...
[   12.637417] systemd[1]: Created slice User and Session Slice.
[[0;32m  OK  [0m] Created slice User and Session Slice.
[   12.650385] systemd[1]: Reached target Slices.
[[0;32m  OK  [0m] Reached target Slices.
[   12.668759] iscsi: registered transport (iser)
[   12.680798] systemd[1]: Starting Create list of required static device nodes for the current kernel...
         Starting Create list of required st... nodes for the current kernel...
[   12.693426] systemd[1]: Set up automount Arbitrary Executable File Formats File System Automount Point.
[[0;32m  OK  [0m] Set up automount Arbitrary Executab...ats File System Automount Point.
[   12.709272] systemd[1]: Listening on Journal Socket (/dev/log).
[[0;32m  OK  [0m] Listening on Journal Socket (/dev/log).
[   12.736442] systemd[1]: Starting Journal Service...
         Starting Journal Service...
[   12.749963] systemd[1]: Mounted Huge Pages File System.
[[0;32m  OK  [0m] Mounted Huge Pages File System.
[   12.761943] systemd[1]: Mounted POSIX Message Queue File System.
[[0;32m  OK  [0m] Mounted POSIX Message Queue File System.
[   12.771359] systemd[1]: Mounted Debug File System.
[[0;32m  OK  [0m] Mounted Debug File System.
[   12.779464] systemd[1]: Started Journal Service.
[[0;32m  OK  [0m] Started Journal Service.
[[0;32m  OK  [0m] Started Uncomplicated firewall.
[[0;32m  OK  [0m] Started Set console keymap.
[[0;32m  OK  [0m] Started Load Kernel Modules.
[[0;32m  OK  [0m] Started File System Check on Root Device.
[[0;32m  OK  [0m] Started Create list of required sta...ce nodes for the current kernel.
[[0;32m  OK  [0m] Started Nameserver information manager.
[[0;32m  OK  [0m] Started LVM2 metadata daemon.
[[0;32m  OK  [0m] Started File System Check Daemon to report status.
         Starting Create Static Device Nodes in /dev...
         Starting Remount Root and Kernel File Systems...
[   12.857107] EXT4-fs (sda1): re-mounted. Opts: (null)
         Mounting FUSE Control File System...
         Starting Apply Kernel Variables...
[[0;32m  OK  [0m] Mounted FUSE Control File System.
[[0;32m  OK  [0m] Started Create Static Device Nodes in /dev.
[[0;32m  OK  [0m] Started Remount Root and Kernel File Systems.
[[0;32m  OK  [0m] Started Apply Kernel Variables.
         Starting Load/Save Random Seed...
         Starting Flush Journal to Persistent Storage...
         Starting udev Coldplug all Devices...
         Starting udev Kernel Device Manager...
[[0;32m  OK  [0m] Started Load/Save Random Seed.
[[0;32m  OK  [0m] Started Flush Journal to Persistent Storage.
[[0;32m  OK  [0m] Started udev Kernel Device Manager.
[[0;32m  OK  [0m] Started udev Coldplug all Devices.
[[0;32m  OK  [0m] Started Dispatch Password Requests to Console Directory Watch.
[[0;32m  OK  [0m] Started Monitoring of LVM2 mirrors,...ng dmeventd or progress polling.
[[0;32m  OK  [0m] Reached target Local File Systems (Pre).
[[0;32m  OK  [0m] Reached target Local File Systems.
         Starting Create Volatile Files and Directories...
         Starting Set console font and keymap...
         Starting Commit a transient machine-id on disk...
         Starting Initial cloud-init job (pre-networking)...
         Starting LSB: AppArmor initialization...
         Starting Tell Plymouth To Write Out Runtime Data...
[[0;32m  OK  [0m] Started Create Volatile Files and Directories.
         Starting Update UTMP about System Boot/Shutdown...
[[0;32m  OK  [0m] Started Tell Plymouth To Write Out Runtime Data.
[[0;32m  OK  [0m] Started Commit a transient machine-id on disk.
[[0;32m  OK  [0m] Started Update UTMP about System Boot/Shutdown.
[[0;32m  OK  [0m] Found device /dev/ttyS0.
[[0;32m  OK  [0m] Listening on Load/Save RF Kill Switch Status /dev/rfkill Watch.
[[0;32m  OK  [0m] Started LSB: AppArmor initialization.
         Starting Load AppArmor profiles managed internally by snapd...
[   14.384319] cloud-init[495]: Cloud-init v. 21.1-19-gbad84ad4-0ubuntu1~16.04.2 running 'init-local' at Tue, 16 May 2023 12:33:04 +0000. Up 14.14 seconds.
[[0;32m  OK  [0m] Started Load AppArmor profiles managed internally by snapd.
[[0;32m  OK  [0m] Started Initial cloud-init job (pre-networking).
[[0;32m  OK  [0m] Reached target Network (Pre).
         Starting Raise network interfaces...
[[0;32m  OK  [0m] Started Set console font and keymap.
[[0;32m  OK  [0m] Created slice system-getty.slice.
[[0;32m  OK  [0m] Started Raise network interfaces.
[[0;32m  OK  [0m] Reached target Network.
         Starting Initial cloud-init job (metadata service crawler)...
[   16.527990] cloud-init[946]: Cloud-init v. 21.1-19-gbad84ad4-0ubuntu1~16.04.2 running 'init' at Tue, 16 May 2023 12:33:05 +0000. Up 15.53 seconds.
[   16.533436] cloud-init[946]: ci-info: ++++++++++++++++++++++++++++++++++++++Net device info++++++++++++++++++++++++++++++++++++++
[   16.538600] cloud-init[946]: ci-info: +--------+------+----------------------------+---------------+--------+-------------------+
[   16.543364] cloud-init[946]: ci-info: | Device |  Up  |          Address           |      Mask     | Scope  |     Hw-Address    |
[   16.548497] cloud-init[946]: ci-info: +--------+------+----------------------------+---------------+--------+-------------------+
[   16.553435] cloud-init[946]: ci-info: | enp0s3 | True |         10.0.2.15          | 255.255.255.0 | global | 02:be:82:6b:cc:1d |
[   16.558168] cloud-init[946]: ci-info: | enp0s3 | True | fe80::be:82ff:fe6b:cc1d/64 |       .       |  link  | 02:be:82:6b:cc:1d |
[   16.562908] cloud-init[946]: ci-info: |   lo   | True |         127.0.0.1          |   255.0.0.0   |  host  |         .         |
[   16.567910] cloud-init[946]: ci-info: |   lo   | True |          ::1/128           |       .       |  host  |         .         |
[   16.572877] cloud-init[946]: ci-info: +--------+------+----------------------------+---------------+--------+-------------------+
[   16.577537] cloud-init[946]: ci-info: +++++++++++++++++++++++++++Route IPv4 info++++++++++++++++++++++++++++
[   16.581808] cloud-init[946]: ci-info: +-------+-------------+----------+---------------+-----------+-------+
[   16.585993] cloud-init[946]: ci-info: | Route | Destination | Gateway  |    Genmask    | Interface | Flags |
[   16.590519] cloud-init[946]: ci-info: +-------+-------------+----------+---------------+-----------+-------+
[   16.594720] cloud-init[946]: ci-info: |   0   |   0.0.0.0   | 10.0.2.2 |    0.0.0.0    |   enp0s3  |   UG  |
[   16.599105] cloud-init[946]: ci-info: |   1   |   10.0.2.0  | 0.0.0.0  | 255.255.255.0 |   enp0s3  |   U   |
[   16.604217] cloud-init[946]: ci-info: +-------+-------------+----------+---------------+-----------+-------+
[   16.611705] cloud-init[946]: ci-info: +++++++++++++++++++Route IPv6 info+++++++++++++++++++
[   16.615822] cloud-init[946]: ci-info: +-------+-------------+---------+-----------+-------+
[   16.619886] cloud-init[946]: ci-info: | Route | Destination | Gateway | Interface | Flags |
[   16.623933] cloud-init[946]: ci-info: +-------+-------------+---------+-----------+-------+
[   16.628052] cloud-init[946]: ci-info: |   0   |  fe80::/64  |    ::   |   enp0s3  |   U   |
[   16.632460] cloud-init[946]: ci-info: |   3   |   ff00::/8  |    ::   |   enp0s3  |   U   |
[   16.636725] cloud-init[946]: ci-info: +-------+-------------+---------+-----------+-------+
[   16.641143] cloud-init[946]: Generating public/private rsa key pair.
[   16.644844] cloud-init[946]: Your identification has been saved in /etc/ssh/ssh_host_rsa_key.
[   16.648877] cloud-init[946]: Your public key has been saved in /etc/ssh/ssh_host_rsa_key.pub.
[   16.653284] cloud-init[946]: The key fingerprint is:
[   16.654461] cloud-init[946]: SHA256:cw4RT+l3C5jCM3H2pE6CGtfoORJmuqTXA5m5jiJX07c root@ubuntu-xenial
[   16.654874] cloud-init[946]: The key's randomart image is:
[   16.655207] cloud-init[946]: +---[RSA 2048]----+
[   16.655549] cloud-init[946]: |        . ..     |
[   16.655881] cloud-init[946]: |        .++ .    |
[   16.656606] cloud-init[946]: |       =.=.*     |
[   16.656934] cloud-init[946]: |    = + B.* + .  |
[   16.657265] cloud-init[946]: |   B B .SB.. o . |
[   16.657603] cloud-init[946]: |  B = = .=.   .  |
[   16.657936] cloud-init[946]: | o * o o ..      |
[   16.658267] cloud-init[946]: |+.= o   E        |
[   16.658625] cloud-init[946]: |++.  .           |
[   16.658954] cloud-init[946]: +----[SHA256]-----+
[   16.659325] cloud-init[946]: Generating public/private dsa key pair.
[   16.659654] cloud-init[946]: Your identification has been saved in /etc/ssh/ssh_host_dsa_key.
[   16.659986] cloud-init[946]: Your public key has been saved in /etc/ssh/ssh_host_dsa_key.pub.
[   16.660711] cloud-init[946]: The key fingerprint is:
[   16.661036] cloud-init[946]: SHA256:CfVQ+z5VPYnax+NT7bi2G7t9/sC6W733UAipbo4XEZ4 root@ubuntu-xenial
[   16.661381] cloud-init[946]: The key's randomart image is:
[   16.661703] cloud-init[946]: +---[DSA 1024]----+
[   16.662025] cloud-init[946]: |        o..      |
[   16.662359] cloud-init[946]: |       . o.. .. o|
[   16.662681] cloud-init[946]: |      .  .ooo. oo|
[   16.663004] cloud-init[946]: |       . .Eoo..oo|
[   16.663340] cloud-init[946]: |        S .o..o++|
[   16.663661] cloud-init[946]: |         ... oo=o|
[   16.663984] cloud-init[946]: |          o.o Boo|
[   16.664687] cloud-init[946]: |         +.  +.B=|
[   16.665006] cloud-init[946]: |        ... ++**X|
[   16.665337] cloud-init[946]: +----[SHA256]-----+
[   16.665658] cloud-init[946]: Generating public/private ecdsa key pair.
[   16.665982] cloud-init[946]: Your identification has been saved in /etc/ssh/ssh_host_ecdsa_key.
[   16.666320] cloud-init[946]: Your public key has been saved in /etc/ssh/ssh_host_ecdsa_key.pub.
[   16.666641] cloud-init[946]: The key fingerprint is:
[   16.666963] cloud-init[946]: SHA256:yCHNeo5Bnbyl2dDefKa6qC/HITNseeBd54CkdecNqMA root@ubuntu-xenial
[   16.667322] cloud-init[946]: The key's randomart image is:
[   16.667633] cloud-init[946]: +---[ECDSA 256]---+
[   16.667947] cloud-init[946]: |   .     .       |
[   16.668627] cloud-init[946]: |    E=ooo o      |
[   16.668936] cloud-init[946]: |    o=O+oo o     |
[   16.669261] cloud-init[946]: |   .o+o@ooo .    |
[   16.669571] cloud-init[946]: |   oo+B.S+o o    |
[   16.669887] cloud-init[946]: |    O=+   .+     |
[   16.670218] cloud-init[946]: |   ..*..  .      |
[   16.670533] cloud-init[946]: |    . o. .       |
[   16.670848] cloud-init[946]: |    .=o o.       |
[   16.671166] cloud-init[946]: +----[SHA256]-----+
[   16.671480] cloud-init[946]: Generating public/private ed25519 key pair.
[   16.671794] cloud-init[946]: Your identification has been saved in /etc/ssh/ssh_host_ed25519_key.
[   16.672680] cloud-init[946]: Your public key has been saved in /etc/ssh/ssh_host_ed25519_key.pub.
[   16.673000] cloud-init[946]: The key fingerprint is:
[   16.673310] cloud-init[946]: SHA256:W90+uU0NhCuyOyPwD9RFMvJlbDvvlpssQZ89m0W4lD0 root@ubuntu-xenial
[   16.673621] cloud-init[946]: The key's randomart image is:
[   16.673932] cloud-init[946]: +--[ED25519 256]--+
[   16.674273] cloud-init[946]: |      . o.+      |
[   16.674575] cloud-init[946]: |       o *o  .   |
[   16.674881] cloud-init[946]: |        ..... .+ |
[   16.675193] cloud-init[946]: |       . .+. ++Eo|
[   16.675500] cloud-init[946]: |      . S.o+o+oo.|
[   16.675801] cloud-init[946]: |    ..   =..+.+oo|
[   16.676456] cloud-init[946]: |     o. o  o .+=o|
[   16.676756] cloud-init[946]: |      o.o...+.o= |
[   16.677072] cloud-init[946]: |       ooo o+.. .|
[   16.677374] cloud-init[946]: +----[SHA256]-----+
[[0;32m  OK  [0m] Started Initial cloud-init job (metadata service crawler).
[[0;32m  OK  [0m] Reached target Cloud-config availability.
[[0;32m  OK  [0m] Reached target Network is Online.
         Starting iSCSI initiator daemon (iscsid)...
[[0;32m  OK  [0m] Reached target System Initialization.
[[0;32m  OK  [0m] Listening on UUID daemon activation socket.
[[0;32m  OK  [0m] Started Ubuntu Advantage update messaging.
[[0;32m  OK  [0m] Listening on D-Bus System Message Bus Socket.
[[0;32m  OK  [0m] Started Daily Cleanup of Temporary Directories.
[[0;32m  OK  [0m] Started Daily apt download activities.
[[0;32m  OK  [0m] Started Daily apt upgrade and clean activities.
[[0;32m  OK  [0m] Started ACPI Events Check.
[[0;32m  OK  [0m] Reached target Paths.
[[0;32m  OK  [0m] Started Message of the Day.
[[0;32m  OK  [0m] Reached target Timers.
         Starting LXD - unix socket.
         Starting Socket activation for snappy daemon.
[[0;32m  OK  [0m] Listening on ACPID Listen Socket.
[[0;32m  OK  [0m] Listening on LXD - unix socket.
[[0;32m  OK  [0m] Listening on Socket activation for snappy daemon.
[[0;32m  OK  [0m] Started iSCSI initiator daemon (iscsid).
         Starting Login to default iSCSI targets...
[[0;32m  OK  [0m] Reached target Sockets.
[[0;32m  OK  [0m] Reached target Basic System.
[[0;32m  OK  [0m] Started ACPI event daemon.
[[0;32m  OK  [0m] Started D-Bus System Message Bus.
         Starting LSB: Record successful boot for GRUB...
         Starting System Logging Service...
[[0;32m  OK  [0m] Started Deferred execution scheduler.
[[0;32m  OK  [0m] Started FUSE filesystem for LXC.
         Starting Pollinate to seed the pseudo random number generator...
         Starting LSB: MD monitoring daemon...
         Starting Login Service...
         Starting /etc/rc.local Compatibility...
[[0;32m  OK  [0m] Started Regular background program processing daemon.
         Starting Virtualbox guest utils...
         Starting Accounts Service...
         Starting Snap Daemon...
         Starting LXD - container startup/shutdown...
[[0;32m  OK  [0m] Started System Logging Service.
[[0;32m  OK  [0m] Started /etc/rc.local Compatibility.
[[0;32m  OK  [0m] Started Login Service.
[[0;32m  OK  [0m] Started Unattended Upgrades Shutdown.
         Starting Authenticate and Authorize Users to Run Privileged Tasks...
[[0;32m  OK  [0m] Started LSB: Record successful boot for GRUB.
[[0;32m  OK  [0m] Started Login to default iSCSI targets.
[[0;32m  OK  [0m] Reached target Remote File Systems (Pre).
[[0;32m  OK  [0m] Reached target Remote File Systems.
         Starting LSB: Set the CPU Frequency Scaling governor to "ondemand"...
         Starting LSB: automatic crash report generation...
         Starting LSB: daemon to balance interrupts for SMP systems...
         Starting Permit User Sessions...
[[0;32m  OK  [0m] Started LSB: Set the CPU Frequency Scaling governor to "ondemand".
[[0;32m  OK  [0m] Started LSB: MD monitoring daemon.
[[0;32m  OK  [0m] Started Permit User Sessions.
         Starting Hold until boot process finishes up...
         Starting Terminate Plymouth Boot Screen...
[[0;32m  OK  [0m] Started Hold until boot process finishes up.
[[0;32m  OK  [0m] Started Serial Getty on ttyS0.
         Starting Set console scheme...
[[0;32m  OK  [0m] Started Getty on tty1.
[[0;32m  OK  [0m] Reached target Login Prompts.
[[0;32m  OK  [0m] Started Terminate Plymouth Boot Screen.
[[0;32m  OK  [0m] Started LSB: daemon to balance interrupts for SMP systems.
[[0;32m  OK  [0m] Started Set console scheme.
[[0;32m  OK  [0m] Started Authenticate and Authorize Users to Run Privileged Tasks.
[[0;32m  OK  [0m] Started Accounts Service.
[[0;32m  OK  [0m] Started LSB: automatic crash report generation.
[[0;32m  OK  [0m] Started Virtualbox guest utils.
[[0;32m  OK  [0m] Started LXD - container startup/shutdown.
[[0;32m  OK  [0m] Started Snap Daemon.
         Starting Wait until snapd is fully seeded...
[[0;32m  OK  [0m] Started Pollinate to seed the pseudo random number generator.
         Starting OpenBSD Secure Shell server...
[[0;32m  OK  [0m] Started OpenBSD Secure Shell server.
[[0;32m  OK  [0m] Created slice User Slice of vagrant.
         Starting User Manager for UID 1000...
[[0;32m  OK  [0m] Started Session 1 of user vagrant.
[[0;32m  OK  [0m] Started User Manager for UID 1000.
[   23.407428] cloud-init[1520]: Generating locales (this might take a while)...

Ubuntu 16.04.7 LTS ubuntu-xenial ttyS0

ubuntu-xenial login: [   24.512518] cloud-init[1520]:   en_US.UTF-8... done
[   24.515285] cloud-init[1520]: Generation complete.
[   24.977506] cloud-init[1520]: Cloud-init v. 21.1-19-gbad84ad4-0ubuntu1~16.04.2 running 'modules:config' at Tue, 16 May 2023 12:33:13 +0000. Up 23.24 seconds.
ci-info: no authorized SSH keys fingerprints found for user ubuntu.
<14>May 16 12:33:15 ec2: 
<14>May 16 12:33:15 ec2: #############################################################
<14>May 16 12:33:15 ec2: -----BEGIN SSH HOST KEY FINGERPRINTS-----
<14>May 16 12:33:15 ec2: 1024 SHA256:CfVQ+z5VPYnax+NT7bi2G7t9/sC6W733UAipbo4XEZ4 root@ubuntu-xenial (DSA)
<14>May 16 12:33:15 ec2: 256 SHA256:yCHNeo5Bnbyl2dDefKa6qC/HITNseeBd54CkdecNqMA root@ubuntu-xenial (ECDSA)
<14>May 16 12:33:15 ec2: 256 SHA256:W90+uU0NhCuyOyPwD9RFMvJlbDvvlpssQZ89m0W4lD0 root@ubuntu-xenial (ED25519)
<14>May 16 12:33:15 ec2: 2048 SHA256:cw4RT+l3C5jCM3H2pE6CGtfoORJmuqTXA5m5jiJX07c root@ubuntu-xenial (RSA)
<14>May 16 12:33:15 ec2: -----END SSH HOST KEY FINGERPRINTS-----
<14>May 16 12:33:15 ec2: #############################################################
-----BEGIN SSH HOST KEY KEYS-----
ecdsa-sha2-nistp256 AAAAE2VjZHNhLXNoYTItbmlzdHAyNTYAAAAIbmlzdHAyNTYAAABBBF/h2TvW6njMunWI2movPt1Zl3EirZLEr+lkBVsKgoNzTpaHm7ssfSzBHy3SWvUhZCFPYzf17Ll3ykiKuB4teYY= root@ubuntu-xenial
ssh-ed25519 AAAAC3NzaC1lZDI1NTE5AAAAIB19vF+1wUt/KDvKNF/6SgQubQ2Q4TexaJKmc4Ky8Gti root@ubuntu-xenial
ssh-rsa AAAAB3NzaC1yc2EAAAADAQABAAABAQDJrpgYGBnC6NQuaR/f3PbGVNpm0ovLn4rsQ2RgppOKdL00ZDQjgv39JjcEASsou0wdrMq9BztfWKZp+KbRbsg/KSW2qRQobuyAnBiovxzYkgqVteB0HLZt34Bp3l77PFptSEREZZZsc9V+TXBi+eVWWRK9J+zj3RVBLixefkv4QDn24Csl+iuq0Tjq3ubigH1mp0Tt0gMe99wsZh9FjrQD94bgks79zKNsea6AnWu12i4WDfT5oA8KEblRiZ+NMelAn5txlFUwshjIGFkRKOxpHRtrfMDI2oj9abrEi6BKNRxyHObFrlCZwI9FFCUSanTuPiqEwk9JWFSxA1lGsZY3 root@ubuntu-xenial
-----END SSH HOST KEY KEYS-----
[   25.584924] cloud-init[1653]: Cloud-init v. 21.1-19-gbad84ad4-0ubuntu1~16.04.2 running 'modules:final' at Tue, 16 May 2023 12:33:15 +0000. Up 25.37 seconds.
[   25.593489] cloud-init[1653]: ci-info: no authorized SSH keys fingerprints found for user ubuntu.
[   25.599677] cloud-init[1653]: Cloud-init v. 21.1-19-gbad84ad4-0ubuntu1~16.04.2 finished at Tue, 16 May 2023 12:33:15 +0000. Datasource DataSourceNoCloud [seed=/dev/sdb][dsmode=net].  Up 25.54 seconds
